Archive member included because of file (symbol)

c:/program files (x86)/emblocks/2.30/share/em_armgcc/bin/../lib/gcc/arm-none-eabi/4.7.3/armv6-m\libgcc.a(_udivsi3.o)
                              obj\debug\bsp\stm32l0538-discovery\stm32l0538_discovery_epd.o (__aeabi_uidiv)
c:/program files (x86)/emblocks/2.30/share/em_armgcc/bin/../lib/gcc/arm-none-eabi/4.7.3/armv6-m\libgcc.a(_dvmd_tls.o)
                              c:/program files (x86)/emblocks/2.30/share/em_armgcc/bin/../lib/gcc/arm-none-eabi/4.7.3/armv6-m\libgcc.a(_udivsi3.o) (__aeabi_idiv0)
c:/program files (x86)/emblocks/2.30/share/em_armgcc/bin/../lib/gcc/arm-none-eabi/4.7.3/../../../../arm-none-eabi/lib/armv6-m\libc_n.a(lib_a-exit.o)
                              c:/program files (x86)/emblocks/2.30/share/em_armgcc/bin/../lib/gcc/arm-none-eabi/4.7.3/../../../../arm-none-eabi/lib/armv6-m/crt0.o (exit)
c:/program files (x86)/emblocks/2.30/share/em_armgcc/bin/../lib/gcc/arm-none-eabi/4.7.3/../../../../arm-none-eabi/lib/armv6-m\libc_n.a(lib_a-impure.o)
                              c:/program files (x86)/emblocks/2.30/share/em_armgcc/bin/../lib/gcc/arm-none-eabi/4.7.3/../../../../arm-none-eabi/lib/armv6-m\libc_n.a(lib_a-exit.o) (_global_impure_ptr)
c:/program files (x86)/emblocks/2.30/share/em_armgcc/bin/../lib/gcc/arm-none-eabi/4.7.3/../../../../arm-none-eabi/lib/armv6-m\libc_n.a(lib_a-init.o)
                              c:/program files (x86)/emblocks/2.30/share/em_armgcc/bin/../lib/gcc/arm-none-eabi/4.7.3/../../../../arm-none-eabi/lib/armv6-m/crt0.o (__libc_init_array)
c:/program files (x86)/emblocks/2.30/share/em_armgcc/bin/../lib/gcc/arm-none-eabi/4.7.3/../../../../arm-none-eabi/lib/armv6-m\libc_n.a(lib_a-memcpy-stub.o)
                              obj\debug\src\serialshell.o (memcpy)
c:/program files (x86)/emblocks/2.30/share/em_armgcc/bin/../lib/gcc/arm-none-eabi/4.7.3/../../../../arm-none-eabi/lib/armv6-m\libc_n.a(lib_a-memset.o)
                              c:/program files (x86)/emblocks/2.30/share/em_armgcc/bin/../lib/gcc/arm-none-eabi/4.7.3/../../../../arm-none-eabi/lib/armv6-m/crt0.o (memset)
c:/program files (x86)/emblocks/2.30/share/em_armgcc/bin/../lib/gcc/arm-none-eabi/4.7.3/../../../../arm-none-eabi/lib/armv6-m\libc_n.a(lib_a-printf.o)
                              obj\debug\src\serialshell.o (printf)
c:/program files (x86)/emblocks/2.30/share/em_armgcc/bin/../lib/gcc/arm-none-eabi/4.7.3/../../../../arm-none-eabi/lib/armv6-m\libc_n.a(lib_a-puts.o)
                              obj\debug\src\serialshell.o (puts)
c:/program files (x86)/emblocks/2.30/share/em_armgcc/bin/../lib/gcc/arm-none-eabi/4.7.3/../../../../arm-none-eabi/lib/armv6-m\libc_n.a(lib_a-sprintf.o)
                              obj\debug\src\main.o (sprintf)
c:/program files (x86)/emblocks/2.30/share/em_armgcc/bin/../lib/gcc/arm-none-eabi/4.7.3/../../../../arm-none-eabi/lib/armv6-m\libc_n.a(lib_a-svfprintf.o)
                              c:/program files (x86)/emblocks/2.30/share/em_armgcc/bin/../lib/gcc/arm-none-eabi/4.7.3/../../../../arm-none-eabi/lib/armv6-m\libc_n.a(lib_a-sprintf.o) (_svfprintf_r)
c:/program files (x86)/emblocks/2.30/share/em_armgcc/bin/../lib/gcc/arm-none-eabi/4.7.3/../../../../arm-none-eabi/lib/armv6-m\libc_n.a(lib_a-vfprintf.o)
                              c:/program files (x86)/emblocks/2.30/share/em_armgcc/bin/../lib/gcc/arm-none-eabi/4.7.3/../../../../arm-none-eabi/lib/armv6-m\libc_n.a(lib_a-printf.o) (_vfprintf_r)
c:/program files (x86)/emblocks/2.30/share/em_armgcc/bin/../lib/gcc/arm-none-eabi/4.7.3/../../../../arm-none-eabi/lib/armv6-m\libc_n.a(lib_a-vfprintf_i.o)
                              c:/program files (x86)/emblocks/2.30/share/em_armgcc/bin/../lib/gcc/arm-none-eabi/4.7.3/../../../../arm-none-eabi/lib/armv6-m\libc_n.a(lib_a-svfprintf.o) (_printf_i)
c:/program files (x86)/emblocks/2.30/share/em_armgcc/bin/../lib/gcc/arm-none-eabi/4.7.3/../../../../arm-none-eabi/lib/armv6-m\libc_n.a(lib_a-wbuf.o)
                              c:/program files (x86)/emblocks/2.30/share/em_armgcc/bin/../lib/gcc/arm-none-eabi/4.7.3/../../../../arm-none-eabi/lib/armv6-m\libc_n.a(lib_a-puts.o) (__swbuf_r)
c:/program files (x86)/emblocks/2.30/share/em_armgcc/bin/../lib/gcc/arm-none-eabi/4.7.3/../../../../arm-none-eabi/lib/armv6-m\libc_n.a(lib_a-wsetup.o)
                              c:/program files (x86)/emblocks/2.30/share/em_armgcc/bin/../lib/gcc/arm-none-eabi/4.7.3/../../../../arm-none-eabi/lib/armv6-m\libc_n.a(lib_a-puts.o) (__swsetup_r)
c:/program files (x86)/emblocks/2.30/share/em_armgcc/bin/../lib/gcc/arm-none-eabi/4.7.3/../../../../arm-none-eabi/lib/armv6-m\libc_n.a(lib_a-fflush.o)
                              c:/program files (x86)/emblocks/2.30/share/em_armgcc/bin/../lib/gcc/arm-none-eabi/4.7.3/../../../../arm-none-eabi/lib/armv6-m\libc_n.a(lib_a-wbuf.o) (_fflush_r)
c:/program files (x86)/emblocks/2.30/share/em_armgcc/bin/../lib/gcc/arm-none-eabi/4.7.3/../../../../arm-none-eabi/lib/armv6-m\libc_n.a(lib_a-findfp.o)
[...]
Memory Configuration

Name             Origin             Length             Attributes
ROM              0x08000000         0x00010000         xr
RAM              0x20000000         0x00002000         xrw
*default*        0x00000000         0xffffffff

Linker script and memory map

LOAD c:/program files (x86)/emblocks/2.30/share/em_armgcc/bin/../lib/gcc/arm-none-eabi/4.7.3/armv6-m/crti.o
LOAD c:/program files (x86)/emblocks/2.30/share/em_armgcc/bin/../lib/gcc/arm-none-eabi/4.7.3/armv6-m/crtbegin.o
LOAD c:/program files (x86)/emblocks/2.30/share/em_armgcc/bin/../lib/gcc/arm-none-eabi/4.7.3/../../../../arm-none-eabi/lib/armv6-m/crt0.o
                0x00000000                __HEAP_SIZE = 0x0
                0x00001000                __STACK_SIZE = 0x1000

.text           0x08000000     0x95e4
 *(.isr_vector)
 .isr_vector    0x08000000       0xc0 obj\debug\src\startup_stm32l0xx.o
                0x08000000                __isr_vector
 *(.text*)
 .text          0x080000c0       0x60 c:/program files (x86)/emblocks/2.30/share/em_armgcc/bin/../lib/gcc/arm-none-eabi/4.7.3/armv6-m/crtbegin.o
 .text          0x08000120       0x78 c:/program files (x86)/emblocks/2.30/share/em_armgcc/bin/../lib/gcc/arm-none-eabi/4.7.3/../../../../arm-none-eabi/lib/armv6-m/crt0.o
                0x08000120                _start
                0x08000120                _mainCRTStartup
 .text.gde021a1_Init
                0x08000198       0xcc obj\debug\bsp\components\gde021a1\gde021a1.o
                0x08000198                gde021a1_Init
 .text.gde021a1_WritePixel
                0x08000264       0x24 obj\debug\bsp\components\gde021a1\gde021a1.o
                0x08000264                gde021a1_WritePixel
 .text.gde021a1_SetDisplayWindow
                0x08000288       0x78 obj\debug\bsp\components\gde021a1\gde021a1.o
                0x08000288                gde021a1_SetDisplayWindow
 .text.gde021a1_GetEpdPixelWidth
                0x08000300        0xc obj\debug\bsp\components\gde021a1\gde021a1.o
                0x08000300                gde021a1_GetEpdPixelWidth
 .text.gde021a1_GetEpdPixelHeight
                0x0800030c        0xc obj\debug\bsp\components\gde021a1\gde021a1.o
                0x0800030c                gde021a1_GetEpdPixelHeight
 .text.gde021a1_RefreshDisplay
                0x08000318       0x1c obj\debug\bsp\components\gde021a1\gde021a1.o
                0x08000318                gde021a1_RefreshDisplay
 .text.gde021a1_CloseChargePump
                0x08000334       0x1c obj\debug\bsp\components\gde021a1\gde021a1.o
                0x08000334                gde021a1_CloseChargePump
 .text.gde021a1_DrawImage
                0x08000350      0x3a4 obj\debug\bsp\components\gde021a1\gde021a1.o
                0x08000350                gde021a1_DrawImage
 .text.BSP_LED_Init
                0x080006f4       0xa0 obj\debug\bsp\stm32l0538-discovery\stm32l0538_discovery.o
                0x080006f4                BSP_LED_Init
 .text.BSP_LED_Toggle
                0x08000794       0x38 obj\debug\bsp\stm32l0538-discovery\stm32l0538_discovery.o
                0x08000794                BSP_LED_Toggle
 .text.BSP_PB_Init
                0x080007cc       0xe8 obj\debug\bsp\stm32l0538-discovery\stm32l0538_discovery.o
                0x080007cc                BSP_PB_Init
 .text.SPIx_Init
                0x080008b4       0x78 obj\debug\bsp\stm32l0538-discovery\stm32l0538_discovery.o
 .text.SPIx_Write
                0x0800092c       0x48 obj\debug\bsp\stm32l0538-discovery\stm32l0538_discovery.o
 .text.SPIx_Error
                0x08000974       0x18 obj\debug\bsp\stm32l0538-discovery\stm32l0538_discovery.o
 .text.SPIx_MspInit
                0x0800098c       0x8c obj\debug\bsp\stm32l0538-discovery\stm32l0538_discovery.o
 .text.EPD_IO_Init
                0x08000a18      0x120 obj\debug\bsp\stm32l0538-discovery\stm32l0538_discovery.o
                0x08000a18                EPD_IO_Init
 .text.EPD_IO_WriteData
                0x08000b38       0x58 obj\debug\bsp\stm32l0538-discovery\stm32l0538_discovery.o
                0x08000b38                EPD_IO_WriteData
 .text.EPD_IO_WriteReg
                0x08000b90       0x54 obj\debug\bsp\stm32l0538-discovery\stm32l0538_discovery.o
                0x08000b90                EPD_IO_WriteReg
 .text.EPD_Delay
                0x08000be4       0x18 obj\debug\bsp\stm32l0538-discovery\stm32l0538_discovery.o
                0x08000be4                EPD_Delay
 .text.BSP_EPD_Init
                0x08000bfc       0x54 obj\debug\bsp\stm32l0538-discovery\stm32l0538_discovery_epd.o
                0x08000bfc                BSP_EPD_Init
 .text.BSP_EPD_GetXSize
                0x08000c50       0x18 obj\debug\bsp\stm32l0538-discovery\stm32l0538_discovery_epd.o
                0x08000c50                BSP_EPD_GetXSize
 .text.BSP_EPD_SetFont
                0x08000c68       0x18 obj\debug\bsp\stm32l0538-discovery\stm32l0538_discovery_epd.o
                0x08000c68                BSP_EPD_SetFont
 .text.BSP_EPD_Clear
                0x08000c80       0x54 obj\debug\bsp\stm32l0538-discovery\stm32l0538_discovery_epd.o
                0x08000c80                BSP_EPD_Clear
 .text.BSP_EPD_DisplayChar
                0x08000cd4       0x58 obj\debug\bsp\stm32l0538-discovery\stm32l0538_discovery_epd.o
                0x08000cd4                BSP_EPD_DisplayChar
 .text.BSP_EPD_DisplayStringAt
                0x08000d2c      0x164 obj\debug\bsp\stm32l0538-discovery\stm32l0538_discovery_epd.o
                0x08000d2c                BSP_EPD_DisplayStringAt
 .text.BSP_EPD_RefreshDisplay
                0x08000e90       0x40 obj\debug\bsp\stm32l0538-discovery\stm32l0538_discovery_epd.o
                0x08000e90                BSP_EPD_RefreshDisplay
 .text.DrawChar
                0x08000ed0       0xbc obj\debug\bsp\stm32l0538-discovery\stm32l0538_discovery_epd.o
 .text.HAL_Init
                0x08000f8c       0x34 obj\debug\stm32l0xx_hal_driver\src\stm32l0xx_hal.o
                0x08000f8c                HAL_Init
 .text.HAL_InitTick
                0x08000fc0       0x3c obj\debug\stm32l0xx_hal_driver\src\stm32l0xx_hal.o
                0x08000fc0                HAL_InitTick
 .text.HAL_IncTick
                0x08000ffc       0x18 obj\debug\stm32l0xx_hal_driver\src\stm32l0xx_hal.o
                0x08000ffc                HAL_IncTick
 .text.HAL_GetTick
                0x08001014       0x14 obj\debug\stm32l0xx_hal_driver\src\stm32l0xx_hal.o
                0x08001014                HAL_GetTick
 .text.HAL_Delay
                0x08001028       0x2c obj\debug\stm32l0xx_hal_driver\src\stm32l0xx_hal.o
                0x08001028                HAL_Delay
 .text.NVIC_EnableIRQ
                0x08001054       0x2c obj\debug\stm32l0xx_hal_driver\src\stm32l0xx_hal_cortex.o
 .text.NVIC_SetPriority
                0x08001080       0xe0 obj\debug\stm32l0xx_hal_driver\src\stm32l0xx_hal_cortex.o
 .text.SysTick_Config
                0x08001160       0x48 obj\debug\stm32l0xx_hal_driver\src\stm32l0xx_hal_cortex.o
 .text.HAL_NVIC_SetPriority
                0x080011a8       0x2c obj\debug\stm32l0xx_hal_driver\src\stm32l0xx_hal_cortex.o
                0x080011a8                HAL_NVIC_SetPriority
 .text.HAL_NVIC_EnableIRQ
                0x080011d4       0x20 obj\debug\stm32l0xx_hal_driver\src\stm32l0xx_hal_cortex.o
                0x080011d4                HAL_NVIC_EnableIRQ
 .text.HAL_SYSTICK_Config
                0x080011f4       0x1c obj\debug\stm32l0xx_hal_driver\src\stm32l0xx_hal_cortex.o
                0x080011f4                HAL_SYSTICK_Config
 .text.HAL_GPIO_Init
                0x08001210      0x300 obj\debug\stm32l0xx_hal_driver\src\stm32l0xx_hal_gpio.o
                0x08001210                HAL_GPIO_Init
 .text.HAL_GPIO_ReadPin
                0x08001510       0x3c obj\debug\stm32l0xx_hal_driver\src\stm32l0xx_hal_gpio.o
                0x08001510                HAL_GPIO_ReadPin
 .text.HAL_GPIO_WritePin
                0x0800154c       0x30 obj\debug\stm32l0xx_hal_driver\src\stm32l0xx_hal_gpio.o
                0x0800154c                HAL_GPIO_WritePin
 .text.HAL_GPIO_TogglePin
                0x0800157c       0x24 obj\debug\stm32l0xx_hal_driver\src\stm32l0xx_hal_gpio.o
                0x0800157c                HAL_GPIO_TogglePin
 .text.HAL_GPIO_EXTI_IRQHandler
                0x080015a0       0x34 obj\debug\stm32l0xx_hal_driver\src\stm32l0xx_hal_gpio.o
                0x080015a0                HAL_GPIO_EXTI_IRQHandler
 .text.HAL_GPIO_EXTI_Callback
                0x080015d4       0x14 obj\debug\stm32l0xx_hal_driver\src\stm32l0xx_hal_gpio.o
                0x080015d4                HAL_GPIO_EXTI_Callback
 .text.HAL_PWR_EnableWakeUpPin
                0x080015e8       0x20 obj\debug\stm32l0xx_hal_driver\src\stm32l0xx_hal_pwr.o
                0x080015e8                HAL_PWR_EnableWakeUpPin
 .text.HAL_PWR_DisableWakeUpPin
                0x08001608       0x20 obj\debug\stm32l0xx_hal_driver\src\stm32l0xx_hal_pwr.o
                0x08001608                HAL_PWR_DisableWakeUpPin
 .text.HAL_PWR_EnterSTANDBYMode
                0x08001628       0x2c obj\debug\stm32l0xx_hal_driver\src\stm32l0xx_hal_pwr.o
                0x08001628                HAL_PWR_EnterSTANDBYMode
 .text.HAL_PWREx_EnableFastWakeUp
                0x08001654       0x1c obj\debug\stm32l0xx_hal_driver\src\stm32l0xx_hal_pwr_ex.o
                0x08001654                HAL_PWREx_EnableFastWakeUp
 .text.HAL_PWREx_EnableUltraLowPower
                0x08001670       0x1c obj\debug\stm32l0xx_hal_driver\src\stm32l0xx_hal_pwr_ex.o
                0x08001670                HAL_PWREx_EnableUltraLowPower
 .text.HAL_RCC_OscConfig
                0x0800168c      0x620 obj\debug\stm32l0xx_hal_driver\src\stm32l0xx_hal_rcc.o
                0x0800168c                HAL_RCC_OscConfig
 .text.HAL_RCC_ClockConfig
                0x08001cac      0x358 obj\debug\stm32l0xx_hal_driver\src\stm32l0xx_hal_rcc.o
                0x08001cac                HAL_RCC_ClockConfig
 .text.HAL_RCC_GetSysClockFreq
                0x08002004      0x100 obj\debug\stm32l0xx_hal_driver\src\stm32l0xx_hal_rcc.o
                0x08002004                HAL_RCC_GetSysClockFreq
 .text.HAL_RCC_GetHCLKFreq
                0x08002104       0x38 obj\debug\stm32l0xx_hal_driver\src\stm32l0xx_hal_rcc.o
                0x08002104                HAL_RCC_GetHCLKFreq
 .text.HAL_RCC_GetPCLK1Freq
                0x0800213c       0x30 obj\debug\stm32l0xx_hal_driver\src\stm32l0xx_hal_rcc.o
                0x0800213c                HAL_RCC_GetPCLK1Freq
 .text.HAL_RCC_GetPCLK2Freq
                0x0800216c       0x30 obj\debug\stm32l0xx_hal_driver\src\stm32l0xx_hal_rcc.o
                0x0800216c                HAL_RCC_GetPCLK2Freq
 .text.HAL_RCCEx_PeriphCLKConfig
                0x0800219c      0x1fc obj\debug\stm32l0xx_hal_driver\src\stm32l0xx_hal_rcc_ex.o
                0x0800219c                HAL_RCCEx_PeriphCLKConfig
 .text.HAL_RTC_Init
                0x08002398      0x100 obj\debug\stm32l0xx_hal_driver\src\stm32l0xx_hal_rtc.o
                0x08002398                HAL_RTC_Init
 .text.HAL_RTC_SetTime
                0x08002498      0x19c obj\debug\stm32l0xx_hal_driver\src\stm32l0xx_hal_rtc.o
                0x08002498                HAL_RTC_SetTime
 .text.HAL_RTC_GetTime
                0x08002634       0xb0 obj\debug\stm32l0xx_hal_driver\src\stm32l0xx_hal_rtc.o
                0x08002634                HAL_RTC_GetTime
 .text.HAL_RTC_SetDate
                0x080026e4      0x17c obj\debug\stm32l0xx_hal_driver\src\stm32l0xx_hal_rtc.o
                0x080026e4                HAL_RTC_SetDate
 .text.HAL_RTC_GetDate
                0x08002860       0xa4 obj\debug\stm32l0xx_hal_driver\src\stm32l0xx_hal_rtc.o
                0x08002860                HAL_RTC_GetDate
 .text.HAL_RTC_SetAlarm_IT
                0x08002904      0x2dc obj\debug\stm32l0xx_hal_driver\src\stm32l0xx_hal_rtc.o
                0x08002904                HAL_RTC_SetAlarm_IT
 .text.HAL_RTC_AlarmIRQHandler
                0x08002be0       0x9c obj\debug\stm32l0xx_hal_driver\src\stm32l0xx_hal_rtc.o
                0x08002be0                HAL_RTC_AlarmIRQHandler
 .text.HAL_RTC_AlarmAEventCallback
                0x08002c7c       0x10 obj\debug\stm32l0xx_hal_driver\src\stm32l0xx_hal_rtc.o
                0x08002c7c                HAL_RTC_AlarmAEventCallback
 .text.HAL_RTC_WaitForSynchro
                0x08002c8c       0x50 obj\debug\stm32l0xx_hal_driver\src\stm32l0xx_hal_rtc.o
                0x08002c8c                HAL_RTC_WaitForSynchro
 .text.RTC_EnterInitMode
                0x08002cdc       0x54 obj\debug\stm32l0xx_hal_driver\src\stm32l0xx_hal_rtc.o
                0x08002cdc                RTC_EnterInitMode
 .text.RTC_ByteToBcd2
                0x08002d30       0x44 obj\debug\stm32l0xx_hal_driver\src\stm32l0xx_hal_rtc.o
                0x08002d30                RTC_ByteToBcd2
 .text.RTC_Bcd2ToByte
                0x08002d74       0x40 obj\debug\stm32l0xx_hal_driver\src\stm32l0xx_hal_rtc.o
                0x08002d74                RTC_Bcd2ToByte
 .text.HAL_RTCEx_BKUPWrite
                0x08002db4       0x30 obj\debug\stm32l0xx_hal_driver\src\stm32l0xx_hal_rtc_ex.o
                0x08002db4                HAL_RTCEx_BKUPWrite
 .text.HAL_RTCEx_BKUPRead
                0x08002de4       0x2c obj\debug\stm32l0xx_hal_driver\src\stm32l0xx_hal_rtc_ex.o
                0x08002de4                HAL_RTCEx_BKUPRead
 .text.HAL_RTCEx_AlarmBEventCallback
                0x08002e10       0x10 obj\debug\stm32l0xx_hal_driver\src\stm32l0xx_hal_rtc_ex.o
                0x08002e10                HAL_RTCEx_AlarmBEventCallback
 .text.HAL_SPI_Init
                0x08002e20       0xcc obj\debug\stm32l0xx_hal_driver\src\stm32l0xx_hal_spi.o
                0x08002e20                HAL_SPI_Init
 .text.HAL_SPI_DeInit
                0x08002eec       0x54 obj\debug\stm32l0xx_hal_driver\src\stm32l0xx_hal_spi.o
                0x08002eec                HAL_SPI_DeInit
 .text.HAL_SPI_MspInit
                0x08002f40       0x10 obj\debug\stm32l0xx_hal_driver\src\stm32l0xx_hal_spi.o
                0x08002f40                HAL_SPI_MspInit
 .text.HAL_SPI_MspDeInit
                0x08002f50       0x10 obj\debug\stm32l0xx_hal_driver\src\stm32l0xx_hal_spi.o
                0x08002f50                HAL_SPI_MspDeInit
 .text.HAL_SPI_Transmit
                0x08002f60      0x2a4 obj\debug\stm32l0xx_hal_driver\src\stm32l0xx_hal_spi.o
                0x08002f60                HAL_SPI_Transmit
 .text.HAL_SPI_GetState
                0x08003204       0x18 obj\debug\stm32l0xx_hal_driver\src\stm32l0xx_hal_spi.o
                0x08003204                HAL_SPI_GetState
 .text.SPI_WaitOnFlagUntilTimeout
                0x0800321c      0x158 obj\debug\stm32l0xx_hal_driver\src\stm32l0xx_hal_spi.o
 .text.HAL_UART_Init
                0x08003374       0x9c obj\debug\stm32l0xx_hal_driver\src\stm32l0xx_hal_uart.o
                0x08003374                HAL_UART_Init
 .text.HAL_UART_Transmit
                0x08003410      0x148 obj\debug\stm32l0xx_hal_driver\src\stm32l0xx_hal_uart.o
                0x08003410                HAL_UART_Transmit
 .text.HAL_UART_Receive
                0x08003558      0x1c8 obj\debug\stm32l0xx_hal_driver\src\stm32l0xx_hal_uart.o
                0x08003558                HAL_UART_Receive
 .text.UART_SetConfig
                0x08003720      0x394 obj\debug\stm32l0xx_hal_driver\src\stm32l0xx_hal_uart.o
                0x08003720                UART_SetConfig
 .text.UART_CheckIdleState
                0x08003ab4       0x7c obj\debug\stm32l0xx_hal_driver\src\stm32l0xx_hal_uart.o
                0x08003ab4                UART_CheckIdleState
 .text.UART_AdvFeatureConfig
                0x08003b30      0x154 obj\debug\stm32l0xx_hal_driver\src\stm32l0xx_hal_uart.o
                0x08003b30                UART_AdvFeatureConfig
 .text.UART_WaitOnFlagUntilTimeout
                0x08003c84      0x13c obj\debug\stm32l0xx_hal_driver\src\stm32l0xx_hal_uart.o
                0x08003c84                UART_WaitOnFlagUntilTimeout
 .text.Bsp_Init
                0x08003dc0       0x14 obj\debug\src\bsp.o
                0x08003dc0                Bsp_Init
 .text.main     0x08003dd4      0x1f0 obj\debug\src\main.o
                0x08003dd4                main
 .text.DateTimeShow
                0x08003fc4      0x10c obj\debug\src\main.o
                0x08003fc4                DateTimeShow
 .text.ScreenUpdate
                0x080040d0       0xb8 obj\debug\src\main.o
                0x080040d0                ScreenUpdate
 .text.SystemClock_Config
                0x08004188       0xb8 obj\debug\src\main.o
                0x08004188                SystemClock_Config
 .text.SystemPower_Config
                0x08004240       0x10 obj\debug\src\main.o
                0x08004240                SystemPower_Config
 .text.Error_Handler
                0x08004250       0x18 obj\debug\src\main.o
                0x08004250                Error_Handler
 .text.rtcInit  0x08004268       0x4c obj\debug\src\rtc.o
                0x08004268                rtcInit
 .text.rtcSetDateTime
                0x080042b4       0x40 obj\debug\src\rtc.o
                0x080042b4                rtcSetDateTime
 .text.rtcGetDateTime
                0x080042f4       0x30 obj\debug\src\rtc.o
                0x080042f4                rtcGetDateTime
 .text.rtcSetAlarm
                0x08004324       0x6c obj\debug\src\rtc.o
                0x08004324                rtcSetAlarm
 .text.rtcBackUpGetValue
                0x08004390       0x24 obj\debug\src\rtc.o
                0x08004390                rtcBackUpGetValue
 .text.rtcBackUpSetValue
                0x080043b4       0x24 obj\debug\src\rtc.o
                0x080043b4                rtcBackUpSetValue
 .text.serialShellInit
                0x080043d8       0x4c obj\debug\src\serialshell.o
                0x080043d8                serialShellInit
 .text.serialShellGetDateTime
                0x08004424      0x1f0 obj\debug\src\serialshell.o
                0x08004424                serialShellGetDateTime
 .text.serialShellGetCountdown
                0x08004614       0x78 obj\debug\src\serialshell.o
                0x08004614                serialShellGetCountdown
 .text._write   0x0800468c       0x2c obj\debug\src\serialshell.o
                0x0800468c                _write
 .text.USART_Scanf
                0x080046b8      0x150 obj\debug\src\serialshell.o
                0x080046b8                USART_Scanf
 .text.serialShellCheckEnter
                0x08004808       0x6c obj\debug\src\serialshell.o
                0x08004808                serialShellCheckEnter
 .text          0x08004874       0x90 obj\debug\src\startup_stm32l0xx.o
                0x08004874                Reset_Handler
                0x080048c6                WWDG_IRQHandler
                0x080048c8                PVD_IRQHandler
                0x080048cc                FLASH_IRQHandler
                0x080048ce                RCC_CRS_IRQHandler
                0x080048d2                EXTI2_3_IRQHandler
                0x080048d4                EXTI4_15_IRQHandler
                0x080048d6                TSC_IRQHandler
                0x080048d8                DMA1_Channel1_IRQHandler
                0x080048da                DMA1_Channel2_3_IRQHandler
                0x080048dc                DMA1_Channel4_5_6_7_IRQHandler
                0x080048de                ADC1_COMP_IRQHandler
                0x080048e0                LPTIM1_IRQHandler
                0x080048e2                TIM2_IRQHandler
                0x080048e4                TIM6_DAC_IRQHandler
                0x080048e6                TIM21_IRQHandler
                0x080048e8                TIM22_IRQHandler
                0x080048ea                I2C1_IRQHandler
                0x080048ec                I2C2_IRQHandler
                0x080048ee                SPI1_IRQHandler
                0x080048f0                SPI2_IRQHandler
                0x080048f2                USART1_IRQHandler
                0x080048f4                USART2_IRQHandler
                0x080048f6                AES_RNG_LPUART1_IRQHandler
                0x080048f8                LCD_IRQHandler
                0x080048fa                USB_IRQHandler
 .text.HAL_MspInit
                0x08004904        0x8 obj\debug\src\stm32l0xx_hal_msp.o
                0x08004904                HAL_MspInit
 .text.HAL_RTC_MspInit
                0x0800490c       0x88 obj\debug\src\stm32l0xx_hal_msp.o
                0x0800490c                HAL_RTC_MspInit
 .text.HAL_UART_MspInit
                0x08004994       0x9c obj\debug\src\stm32l0xx_hal_msp.o
                0x08004994                HAL_UART_MspInit
 .text.NMI_Handler
                0x08004a30        0x8 obj\debug\src\stm32l0xx_it.o
                0x08004a30                NMI_Handler
 .text.HardFault_Handler
                0x08004a38        0x8 obj\debug\src\stm32l0xx_it.o
                0x08004a38                HardFault_Handler
 .text.SVC_Handler
                0x08004a40        0x8 obj\debug\src\stm32l0xx_it.o
                0x08004a40                SVC_Handler
 .text.DebugMon_Handler
                0x08004a48        0x8 obj\debug\src\stm32l0xx_it.o
                0x08004a48                DebugMon_Handler
 .text.PendSV_Handler
                0x08004a50        0x8 obj\debug\src\stm32l0xx_it.o
                0x08004a50                PendSV_Handler
 .text.SysTick_Handler
                0x08004a58        0xc obj\debug\src\stm32l0xx_it.o
                0x08004a58                SysTick_Handler
 .text.RTC_IRQHandler
                0x08004a64       0x14 obj\debug\src\stm32l0xx_it.o
                0x08004a64                RTC_IRQHandler
 .text.EXTI0_1_IRQHandler
                0x08004a78       0x10 obj\debug\src\stm32l0xx_it.o
                0x08004a78                EXTI0_1_IRQHandler
 .text.SystemInit
                0x08004a88       0x78 obj\debug\src\system_stm32l0xx.o
                0x08004a88                SystemInit
 .text          0x08004b00       0x9c c:/program files (x86)/emblocks/2.30/share/em_armgcc/bin/../lib/gcc/arm-none-eabi/4.7.3/armv6-m\libgcc.a(_udivsi3.o)
                0x08004b00                __aeabi_uidiv
                0x08004b00                __udivsi3
                0x08004b88                __aeabi_uidivmod
 .text          0x08004b9c        0x4 c:/program files (x86)/emblocks/2.30/share/em_armgcc/bin/../lib/gcc/arm-none-eabi/4.7.3/armv6-m\libgcc.a(_dvmd_tls.o)
                0x08004b9c                __aeabi_idiv0
                0x08004b9c                __aeabi_ldiv0
 .text.exit     0x08004ba0       0x2c c:/program files (x86)/emblocks/2.30/share/em_armgcc/bin/../lib/gcc/arm-none-eabi/4.7.3/../../../../arm-none-eabi/lib/armv6-m\libc_n.a(lib_a-exit.o)
                0x08004ba0                exit
 .text.__libc_init_array
                0x08004bcc       0x4c c:/program files (x86)/emblocks/2.30/share/em_armgcc/bin/../lib/gcc/arm-none-eabi/4.7.3/../../../../arm-none-eabi/lib/armv6-m\libc_n.a(lib_a-init.o)
                0x08004bcc                __libc_init_array
 .text.memcpy   0x08004c18       0x12 c:/program files (x86)/emblocks/2.30/share/em_armgcc/bin/../lib/gcc/arm-none-eabi/4.7.3/../../../../arm-none-eabi/lib/armv6-m\libc_n.a(lib_a-memcpy-stub.o)
                0x08004c18                memcpy
 .text.memset   0x08004c2a       0x12 c:/program files (x86)/emblocks/2.30/share/em_armgcc/bin/../lib/gcc/arm-none-eabi/4.7.3/../../../../arm-none-eabi/lib/armv6-m\libc_n.a(lib_a-memset.o)
                0x08004c2a                memset
 .text.printf   0x08004c3c       0x34 c:/program files (x86)/emblocks/2.30/share/em_armgcc/bin/../lib/gcc/arm-none-eabi/4.7.3/../../../../arm-none-eabi/lib/armv6-m\libc_n.a(lib_a-printf.o)
                0x08004c3c                iprintf
                0x08004c3c                printf
 .text._puts_r  0x08004c70       0xd2 c:/program files (x86)/emblocks/2.30/share/em_armgcc/bin/../lib/gcc/arm-none-eabi/4.7.3/../../../../arm-none-eabi/lib/armv6-m\libc_n.a(lib_a-puts.o)
                0x08004c70                _puts_r
 *fill*         0x08004d42        0x2 
 .text.puts     0x08004d44       0x14 c:/program files (x86)/emblocks/2.30/share/em_armgcc/bin/../lib/gcc/arm-none-eabi/4.7.3/../../../../arm-none-eabi/lib/armv6-m\libc_n.a(lib_a-puts.o)
                0x08004d44                puts
 .text.sprintf  0x08004d58       0x44 c:/program files (x86)/emblocks/2.30/share/em_armgcc/bin/../lib/gcc/arm-none-eabi/4.7.3/../../../../arm-none-eabi/lib/armv6-m\libc_n.a(lib_a-sprintf.o)
                0x08004d58                siprintf
                0x08004d58                sprintf
 .text.__ssputs_r
                0x08004d9c       0xc8 c:/program files (x86)/emblocks/2.30/share/em_armgcc/bin/../lib/gcc/arm-none-eabi/4.7.3/../../../../arm-none-eabi/lib/armv6-m\libc_n.a(lib_a-svfprintf.o)
                0x08004d9c                __ssputs_r
 .text._svfprintf_r
                0x08004e64      0x1e8 c:/program files (x86)/emblocks/2.30/share/em_armgcc/bin/../lib/gcc/arm-none-eabi/4.7.3/../../../../arm-none-eabi/lib/armv6-m\libc_n.a(lib_a-svfprintf.o)
                0x08004e64                _svfiprintf_r
                0x08004e64                _svfprintf_r
 .text.__sfputc_r
                0x0800504c       0x2a c:/program files (x86)/emblocks/2.30/share/em_armgcc/bin/../lib/gcc/arm-none-eabi/4.7.3/../../../../arm-none-eabi/lib/armv6-m\libc_n.a(lib_a-vfprintf.o)
 .text.__sfputs_r
                0x08005076       0x24 c:/program files (x86)/emblocks/2.30/share/em_armgcc/bin/../lib/gcc/arm-none-eabi/4.7.3/../../../../arm-none-eabi/lib/armv6-m\libc_n.a(lib_a-vfprintf.o)
                0x08005076                __sfputs_r
 *fill*         0x0800509a        0x2 
 .text._vfprintf_r
                0x0800509c      0x214 c:/program files (x86)/emblocks/2.30/share/em_armgcc/bin/../lib/gcc/arm-none-eabi/4.7.3/../../../../arm-none-eabi/lib/armv6-m\libc_n.a(lib_a-vfprintf.o)
                0x0800509c                _vfprintf_r
                0x0800509c                _vfiprintf_r
 .text._printf_common
                0x080052b0       0xe6 c:/program files (x86)/emblocks/2.30/share/em_armgcc/bin/../lib/gcc/arm-none-eabi/4.7.3/../../../../arm-none-eabi/lib/armv6-m\libc_n.a(lib_a-vfprintf_i.o)
                0x080052b0                _printf_common
 *fill*         0x08005396        0x2 
 .text._printf_i
                0x08005398      0x248 c:/program files (x86)/emblocks/2.30/share/em_armgcc/bin/../lib/gcc/arm-none-eabi/4.7.3/../../../../arm-none-eabi/lib/armv6-m\libc_n.a(lib_a-vfprintf_i.o)
                0x08005398                _printf_i
 .text.__swbuf_r
                0x080055e0       0xac c:/program files (x86)/emblocks/2.30/share/em_armgcc/bin/../lib/gcc/arm-none-eabi/4.7.3/../../../../arm-none-eabi/lib/armv6-m\libc_n.a(lib_a-wbuf.o)
                0x080055e0                __swbuf_r
 .text.__swsetup_r
                0x0800568c       0xdc c:/program files (x86)/emblocks/2.30/share/em_armgcc/bin/../lib/gcc/arm-none-eabi/4.7.3/../../../../arm-none-eabi/lib/armv6-m\libc_n.a(lib_a-wsetup.o)
                0x0800568c                __swsetup_r
 .text.__sflush_r
                0x08005768      0x116 c:/program files (x86)/emblocks/2.30/share/em_armgcc/bin/../lib/gcc/arm-none-eabi/4.7.3/../../../../arm-none-eabi/lib/armv6-m\libc_n.a(lib_a-fflush.o)
                0x08005768                __sflush_r
 *fill*         0x0800587e        0x2 
 .text._fflush_r
                0x08005880       0x58 c:/program files (x86)/emblocks/2.30/share/em_armgcc/bin/../lib/gcc/arm-none-eabi/4.7.3/../../../../arm-none-eabi/lib/armv6-m\libc_n.a(lib_a-fflush.o)
                0x08005880                _fflush_r
 .text._cleanup_r
                0x080058d8       0x34 c:/program files (x86)/emblocks/2.30/share/em_armgcc/bin/../lib/gcc/arm-none-eabi/4.7.3/../../../../arm-none-eabi/lib/armv6-m\libc_n.a(lib_a-findfp.o)
                0x080058d8                _cleanup_r
 .text.std.isra.0
                0x0800590c       0x48 c:/program files (x86)/emblocks/2.30/share/em_armgcc/bin/../lib/gcc/arm-none-eabi/4.7.3/../../../../arm-none-eabi/lib/armv6-m\libc_n.a(lib_a-findfp.o)
 .text.__sfmoreglue
                0x08005954       0x2c c:/program files (x86)/emblocks/2.30/share/em_armgcc/bin/../lib/gcc/arm-none-eabi/4.7.3/../../../../arm-none-eabi/lib/armv6-m\libc_n.a(lib_a-findfp.o)
                0x08005954                __sfmoreglue
 .text.__sinit  0x08005980       0x64 c:/program files (x86)/emblocks/2.30/share/em_armgcc/bin/../lib/gcc/arm-none-eabi/4.7.3/../../../../arm-none-eabi/lib/armv6-m\libc_n.a(lib_a-findfp.o)
                0x08005980                __sinit
 .text.__sfp    0x080059e4       0x80 c:/program files (x86)/emblocks/2.30/share/em_armgcc/bin/../lib/gcc/arm-none-eabi/4.7.3/../../../../arm-none-eabi/lib/armv6-m\libc_n.a(lib_a-findfp.o)
                0x080059e4                __sfp
 .text.__smakebuf_r
                0x08005a64       0xa8 c:/program files (x86)/emblocks/2.30/share/em_armgcc/bin/../lib/gcc/arm-none-eabi/4.7.3/../../../../arm-none-eabi/lib/armv6-m\libc_n.a(lib_a-makebuf.o)
                0x08005a64                __smakebuf_r
 .text.memchr   0x08005b0c       0x18 c:/program files (x86)/emblocks/2.30/share/em_armgcc/bin/../lib/gcc/arm-none-eabi/4.7.3/../../../../arm-none-eabi/lib/armv6-m\libc_n.a(lib_a-memchr-stub.o)
                0x08005b0c                memchr
 .text.memmove  0x08005b24       0x30 c:/program files (x86)/emblocks/2.30/share/em_armgcc/bin/../lib/gcc/arm-none-eabi/4.7.3/../../../../arm-none-eabi/lib/armv6-m\libc_n.a(lib_a-memmove.o)
                0x08005b24                memmove
 .text._free_r  0x08005b54       0x9c c:/program files (x86)/emblocks/2.30/share/em_armgcc/bin/../lib/gcc/arm-none-eabi/4.7.3/../../../../arm-none-eabi/lib/armv6-m\libc_n.a(lib_a-nano-freer.o)
                0x08005b54                _free_r
 .text._malloc_r
                0x08005bf0       0xb0 c:/program files (x86)/emblocks/2.30/share/em_armgcc/bin/../lib/gcc/arm-none-eabi/4.7.3/../../../../arm-none-eabi/lib/armv6-m\libc_n.a(lib_a-nano-mallocr.o)
                0x08005bf0                _malloc_r
 .text._realloc_r
                0x08005ca0       0x4e c:/program files (x86)/emblocks/2.30/share/em_armgcc/bin/../lib/gcc/arm-none-eabi/4.7.3/../../../../arm-none-eabi/lib/armv6-m\libc_n.a(lib_a-nano-reallocr.o)
                0x08005ca0                _realloc_r
 *fill*         0x08005cee        0x2 
 .text._sbrk_r  0x08005cf0       0x24 c:/program files (x86)/emblocks/2.30/share/em_armgcc/bin/../lib/gcc/arm-none-eabi/4.7.3/../../../../arm-none-eabi/lib/armv6-m\libc_n.a(lib_a-sbrkr.o)
                0x08005cf0                _sbrk_r
 .text.__sread  0x08005d14       0x28 c:/program files (x86)/emblocks/2.30/share/em_armgcc/bin/../lib/gcc/arm-none-eabi/4.7.3/../../../../arm-none-eabi/lib/armv6-m\libc_n.a(lib_a-stdio.o)
                0x08005d14                __sread
 .text.__swrite
                0x08005d3c       0x38 c:/program files (x86)/emblocks/2.30/share/em_armgcc/bin/../lib/gcc/arm-none-eabi/4.7.3/../../../../arm-none-eabi/lib/armv6-m\libc_n.a(lib_a-stdio.o)
                0x08005d3c                __swrite
 .text.__sseek  0x08005d74       0x2c c:/program files (x86)/emblocks/2.30/share/em_armgcc/bin/../lib/gcc/arm-none-eabi/4.7.3/../../../../arm-none-eabi/lib/armv6-m\libc_n.a(lib_a-stdio.o)
                0x08005d74                __sseek
 .text.__sclose
                0x08005da0        0xc c:/program files (x86)/emblocks/2.30/share/em_armgcc/bin/../lib/gcc/arm-none-eabi/4.7.3/../../../../arm-none-eabi/lib/armv6-m\libc_n.a(lib_a-stdio.o)
                0x08005da0                __sclose
 .text.strlen   0x08005dac        0xe c:/program files (x86)/emblocks/2.30/share/em_armgcc/bin/../lib/gcc/arm-none-eabi/4.7.3/../../../../arm-none-eabi/lib/armv6-m\libc_n.a(lib_a-strlen.o)
                0x08005dac                strlen
 *fill*         0x08005dba        0x2 
 .text._write_r
                0x08005dbc       0x28 c:/program files (x86)/emblocks/2.30/share/em_armgcc/bin/../lib/gcc/arm-none-eabi/4.7.3/../../../../arm-none-eabi/lib/armv6-m\libc_n.a(lib_a-writer.o)
                0x08005dbc                _write_r
 .text._close_r
                0x08005de4       0x24 c:/program files (x86)/emblocks/2.30/share/em_armgcc/bin/../lib/gcc/arm-none-eabi/4.7.3/../../../../arm-none-eabi/lib/armv6-m\libc_n.a(lib_a-closer.o)
                0x08005de4                _close_r
 .text._fstat_r
                0x08005e08       0x24 c:/program files (x86)/emblocks/2.30/share/em_armgcc/bin/../lib/gcc/arm-none-eabi/4.7.3/../../../../arm-none-eabi/lib/armv6-m\libc_n.a(lib_a-fstatr.o)
                0x08005e08                _fstat_r
 .text._isatty_r
                0x08005e2c       0x24 c:/program files (x86)/emblocks/2.30/share/em_armgcc/bin/../lib/gcc/arm-none-eabi/4.7.3/../../../../arm-none-eabi/lib/armv6-m\libc_n.a(lib_a-isattyr.o)
                0x08005e2c                _isatty_r
 .text._lseek_r
                0x08005e50       0x28 c:/program files (x86)/emblocks/2.30/share/em_armgcc/bin/../lib/gcc/arm-none-eabi/4.7.3/../../../../arm-none-eabi/lib/armv6-m\libc_n.a(lib_a-lseekr.o)
                0x08005e50                _lseek_r
 .text._malloc_usable_size_r
                0x08005e78       0x14 c:/program files (x86)/emblocks/2.30/share/em_armgcc/bin/../lib/gcc/arm-none-eabi/4.7.3/../../../../arm-none-eabi/lib/armv6-m\libc_n.a(lib_a-nano-msizer.o)
                0x08005e78                _malloc_usable_size_r
 .text._read_r  0x08005e8c       0x28 c:/program files (x86)/emblocks/2.30/share/em_armgcc/bin/../lib/gcc/arm-none-eabi/4.7.3/../../../../arm-none-eabi/lib/armv6-m\libc_n.a(lib_a-readr.o)
                0x08005e8c                _read_r
 .text._close   0x08005eb4       0x10 c:/program files (x86)/emblocks/2.30/share/em_armgcc/bin/../lib/gcc/arm-none-eabi/4.7.3/../../../../arm-none-eabi/lib/armv6-m\libnosys.a(close.o)
                0x08005eb4                _close
 .text._fstat   0x08005ec4       0x10 c:/program files (x86)/emblocks/2.30/share/em_armgcc/bin/../lib/gcc/arm-none-eabi/4.7.3/../../../../arm-none-eabi/lib/armv6-m\libnosys.a(fstat.o)
                0x08005ec4                _fstat
 .text._isatty  0x08005ed4       0x10 c:/program files (x86)/emblocks/2.30/share/em_armgcc/bin/../lib/gcc/arm-none-eabi/4.7.3/../../../../arm-none-eabi/lib/armv6-m\libnosys.a(isatty.o)
                0x08005ed4                _isatty
 .text._lseek   0x08005ee4       0x10 c:/program files (x86)/emblocks/2.30/share/em_armgcc/bin/../lib/gcc/arm-none-eabi/4.7.3/../../../../arm-none-eabi/lib/armv6-m\libnosys.a(lseek.o)
                0x08005ee4                _lseek
 .text._read    0x08005ef4       0x10 c:/program files (x86)/emblocks/2.30/share/em_armgcc/bin/../lib/gcc/arm-none-eabi/4.7.3/../../../../arm-none-eabi/lib/armv6-m\libnosys.a(read.o)
                0x08005ef4                _read
 .text._sbrk    0x08005f04       0x38 c:/program files (x86)/emblocks/2.30/share/em_armgcc/bin/../lib/gcc/arm-none-eabi/4.7.3/../../../../arm-none-eabi/lib/armv6-m\libnosys.a(sbrk.o)
                0x08005f04                _sbrk
 .text._exit    0x08005f3c        0x4 c:/program files (x86)/emblocks/2.30/share/em_armgcc/bin/../lib/gcc/arm-none-eabi/4.7.3/../../../../arm-none-eabi/lib/armv6-m\libnosys.a(_exit.o)
                0x08005f3c                _exit
 *(.init)
 .init          0x08005f40        0x4 c:/program files (x86)/emblocks/2.30/share/em_armgcc/bin/../lib/gcc/arm-none-eabi/4.7.3/armv6-m/crti.o
                0x08005f40                _init
 .init          0x08005f44        0x8 c:/program files (x86)/emblocks/2.30/share/em_armgcc/bin/../lib/gcc/arm-none-eabi/4.7.3/armv6-m/crtn.o
 *(.fini)
 .fini          0x08005f4c        0x4 c:/program files (x86)/emblocks/2.30/share/em_armgcc/bin/../lib/gcc/arm-none-eabi/4.7.3/armv6-m/crti.o
                0x08005f4c                _fini
 .fini          0x08005f50        0x8 c:/program files (x86)/emblocks/2.30/share/em_armgcc/bin/../lib/gcc/arm-none-eabi/4.7.3/armv6-m/crtn.o
 *crtbegin.o(.ctors)
 *crtbegin?.o(.ctors)
 *(EXCLUDE_FILE(*crtend.o *crtend?.o) .ctors)
 *(SORT(.ctors.*))
 *(.ctors)
 *crtbegin.o(.dtors)
 *crtbegin?.o(.dtors)
 *(EXCLUDE_FILE(*crtend.o *crtend?.o) .dtors)
 *(SORT(.dtors.*))
 *(.dtors)
 *(.rodata*)
 .rodata.WF_LUT
                0x08005f58       0x5c obj\debug\bsp\components\gde021a1\gde021a1.o
                0x08005f58                WF_LUT
 .rodata.GPIO_PIN
                0x08005fb4        0x4 obj\debug\bsp\stm32l0538-discovery\stm32l0538_discovery.o
                0x08005fb4                GPIO_PIN
 .rodata.BUTTON_PIN
                0x08005fb8        0x4 obj\debug\bsp\stm32l0538-discovery\stm32l0538_discovery.o
                0x08005fb8                BUTTON_PIN
 .rodata.BUTTON_IRQn
                0x08005fbc        0x4 obj\debug\bsp\stm32l0538-discovery\stm32l0538_discovery.o
                0x08005fbc                BUTTON_IRQn
 .rodata.Font20_Table
                0x08005fc0     0x19fc obj\debug\bsp\stm32l0538-discovery\stm32l0538_discovery_epd.o
                0x08005fc0                Font20_Table
 .rodata.Font16_Table
                0x080079bc     0x1054 obj\debug\bsp\stm32l0538-discovery\stm32l0538_discovery_epd.o
                0x080079bc                Font16_Table
 .rodata.Font12_Table
                0x08008a10      0x7cc obj\debug\bsp\stm32l0538-discovery\stm32l0538_discovery_epd.o
                0x08008a10                Font12_Table
 .rodata.MSIRangeTable
                0x080091dc       0x1c obj\debug\stm32l0xx_hal_driver\src\stm32l0xx_hal_rcc.o
                0x080091dc                MSIRangeTable
 .rodata.UART_SetConfig
                0x080091f8       0x48 obj\debug\stm32l0xx_hal_driver\src\stm32l0xx_hal_uart.o
 .rodata        0x08009240       0xac obj\debug\src\main.o
 .rodata        0x080092ec      0x258 obj\debug\src\serialshell.o
 .rodata.str1.1
                0x08009544        0x2 c:/program files (x86)/emblocks/2.30/share/em_armgcc/bin/../lib/gcc/arm-none-eabi/4.7.3/../../../../arm-none-eabi/lib/armv6-m\libc_n.a(lib_a-impure.o)
 *fill*         0x08009546        0x2 
 .rodata._global_impure_ptr
                0x08009548        0x4 c:/program files (x86)/emblocks/2.30/share/em_armgcc/bin/../lib/gcc/arm-none-eabi/4.7.3/../../../../arm-none-eabi/lib/armv6-m\libc_n.a(lib_a-impure.o)
                0x08009548                _global_impure_ptr
 .rodata.str1.1
                0x0800954c       0x11 c:/program files (x86)/emblocks/2.30/share/em_armgcc/bin/../lib/gcc/arm-none-eabi/4.7.3/../../../../arm-none-eabi/lib/armv6-m\libc_n.a(lib_a-svfprintf.o)
 .rodata.str1.1
                0x00000000       0x11 c:/program files (x86)/emblocks/2.30/share/em_armgcc/bin/../lib/gcc/arm-none-eabi/4.7.3/../../../../arm-none-eabi/lib/armv6-m\libc_n.a(lib_a-vfprintf.o)
 .rodata.str1.1
                0x0800955d       0x22 c:/program files (x86)/emblocks/2.30/share/em_armgcc/bin/../lib/gcc/arm-none-eabi/4.7.3/../../../../arm-none-eabi/lib/armv6-m\libc_n.a(lib_a-vfprintf_i.o)
 *fill*         0x0800957f        0x1 
 .rodata.__sf_fake_stdin
                0x08009580       0x20 c:/program files (x86)/emblocks/2.30/share/em_armgcc/bin/../lib/gcc/arm-none-eabi/4.7.3/../../../../arm-none-eabi/lib/armv6-m\libc_n.a(lib_a-findfp.o)
                0x08009580                __sf_fake_stdin
 .rodata.__sf_fake_stdout
                0x080095a0       0x20 c:/program files (x86)/emblocks/2.30/share/em_armgcc/bin/../lib/gcc/arm-none-eabi/4.7.3/../../../../arm-none-eabi/lib/armv6-m\libc_n.a(lib_a-findfp.o)
                0x080095a0                __sf_fake_stdout
 .rodata.__sf_fake_stderr
                0x080095c0       0x20 c:/program files (x86)/emblocks/2.30/share/em_armgcc/bin/../lib/gcc/arm-none-eabi/4.7.3/../../../../arm-none-eabi/lib/armv6-m\libc_n.a(lib_a-findfp.o)
                0x080095c0                __sf_fake_stderr
 *(.eh_frame*)
 .eh_frame      0x080095e0        0x0 c:/program files (x86)/emblocks/2.30/share/em_armgcc/bin/../lib/gcc/arm-none-eabi/4.7.3/armv6-m/crtbegin.o
 .eh_frame      0x080095e0        0x4 c:/program files (x86)/emblocks/2.30/share/em_armgcc/bin/../lib/gcc/arm-none-eabi/4.7.3/armv6-m/crtend.o

.glue_7         0x080095e4        0x0
 .glue_7        0x00000000        0x0 linker stubs

.glue_7t        0x080095e4        0x0
 .glue_7t       0x00000000        0x0 linker stubs

.vfp11_veneer   0x080095e4        0x0
 .vfp11_veneer  0x00000000        0x0 linker stubs

.v4_bx          0x080095e4        0x0
 .v4_bx         0x00000000        0x0 linker stubs

.iplt           0x080095e4        0x0
 .iplt          0x00000000        0x0 c:/program files (x86)/emblocks/2.30/share/em_armgcc/bin/../lib/gcc/arm-none-eabi/4.7.3/armv6-m/crtbegin.o

.ARM.extab
 *(.ARM.extab* .gnu.linkonce.armextab.*)
                0x080095e4                __exidx_start = .

.ARM.exidx      0x080095e4        0x8
 *(.ARM.exidx* .gnu.linkonce.armexidx.*)
 .ARM.exidx     0x080095e4        0x8 c:/program files (x86)/emblocks/2.30/share/em_armgcc/bin/../lib/gcc/arm-none-eabi/4.7.3/../../../../arm-none-eabi/lib/armv6-m/crt0.o
                0x080095ec                __exidx_end = .
                0x080095ec                __etext = .

.rel.dyn        0x080095ec        0x0
 .rel.iplt      0x00000000        0x0 c:/program files (x86)/emblocks/2.30/share/em_armgcc/bin/../lib/gcc/arm-none-eabi/4.7.3/armv6-m/crtbegin.o

.data           0x20000000       0xd0 load address 0x080095ec
                0x20000000                __data_start__ = .
 *(vtable)
 *(.data*)
 .data.gde021a1_drv
                0x20000000       0x20 obj\debug\bsp\components\gde021a1\gde021a1.o
                0x20000000                gde021a1_drv
 .data.GPIO_PORT
                0x20000020        0x8 obj\debug\bsp\stm32l0538-discovery\stm32l0538_discovery.o
                0x20000020                GPIO_PORT
 .data.BUTTON_PORT
                0x20000028        0x4 obj\debug\bsp\stm32l0538-discovery\stm32l0538_discovery.o
                0x20000028                BUTTON_PORT
 .data.Font20   0x2000002c        0x8 obj\debug\bsp\stm32l0538-discovery\stm32l0538_discovery_epd.o
                0x2000002c                Font20
 .data.Font16   0x20000034        0x8 obj\debug\bsp\stm32l0538-discovery\stm32l0538_discovery_epd.o
                0x20000034                Font16
 .data.Font12   0x2000003c        0x8 obj\debug\bsp\stm32l0538-discovery\stm32l0538_discovery_epd.o
                0x2000003c                Font12
 .data.PLLMulTable
                0x20000044        0xc obj\debug\stm32l0xx_hal_driver\src\stm32l0xx_hal_rcc.o
 .data.APBAHBPrescTable
                0x20000050       0x10 obj\debug\stm32l0xx_hal_driver\src\stm32l0xx_hal_rcc.o
 .data.SystemCoreClock
                0x20000060        0x4 obj\debug\src\system_stm32l0xx.o
                0x20000060                SystemCoreClock
 .data.impure_data
                0x20000064       0x60 c:/program files (x86)/emblocks/2.30/share/em_armgcc/bin/../lib/gcc/arm-none-eabi/4.7.3/../../../../arm-none-eabi/lib/armv6-m\libc_n.a(lib_a-impure.o)
 .data._impure_ptr
                0x200000c4        0x4 c:/program files (x86)/emblocks/2.30/share/em_armgcc/bin/../lib/gcc/arm-none-eabi/4.7.3/../../../../arm-none-eabi/lib/armv6-m\libc_n.a(lib_a-impure.o)
                0x200000c4                _impure_ptr
                0x200000c8                . = ALIGN (0x4)
                0x200000c8                PROVIDE (__preinit_array_start, .)
 *(.preinit_array)
                0x200000c8                PROVIDE (__preinit_array_end, .)
                0x200000c8                . = ALIGN (0x4)
                0x200000c8                PROVIDE (__init_array_start, .)
 *(SORT(.init_array.*))
 *(.init_array)
 .init_array    0x200000c8        0x4 c:/program files (x86)/emblocks/2.30/share/em_armgcc/bin/../lib/gcc/arm-none-eabi/4.7.3/armv6-m/crtbegin.o
                0x200000cc                PROVIDE (__init_array_end, .)
                0x200000cc                . = ALIGN (0x4)
                0x200000cc                PROVIDE (__fini_array_start, .)
 *(SORT(.fini_array.*))
 *(.fini_array)
 .fini_array    0x200000cc        0x4 c:/program files (x86)/emblocks/2.30/share/em_armgcc/bin/../lib/gcc/arm-none-eabi/4.7.3/armv6-m/crtbegin.o
                0x200000d0                PROVIDE (__fini_array_end, .)
                0x200000d0                . = ALIGN (0x4)
                0x200000d0                __data_end__ = .

.jcr            0x200000d0        0x0 load address 0x080096bc
 .jcr           0x200000d0        0x0 c:/program files (x86)/emblocks/2.30/share/em_armgcc/bin/../lib/gcc/arm-none-eabi/4.7.3/armv6-m/crtbegin.o

.igot.plt       0x200000d0        0x0 load address 0x080096bc
 .igot.plt      0x00000000        0x0 c:/program files (x86)/emblocks/2.30/share/em_armgcc/bin/../lib/gcc/arm-none-eabi/4.7.3/armv6-m/crtbegin.o

.bss            0x200000d0      0x13c load address 0x080096bc
                0x200000d0                __bss_start__ = .
 *(.bss*)
 .bss           0x200000d0       0x1c c:/program files (x86)/emblocks/2.30/share/em_armgcc/bin/../lib/gcc/arm-none-eabi/4.7.3/armv6-m/crtbegin.o
 .bss.pFont     0x200000ec        0x4 obj\debug\bsp\stm32l0538-discovery\stm32l0538_discovery_epd.o
 .bss.epd_drv   0x200000f0        0x4 obj\debug\bsp\stm32l0538-discovery\stm32l0538_discovery_epd.o
 .bss.uwTick    0x200000f4        0x4 obj\debug\stm32l0xx_hal_driver\src\stm32l0xx_hal.o
 .bss.countdown_days
                0x200000f8        0x4 obj\debug\src\main.o
                0x200000f8                countdown_days
 .bss.countup_days
                0x200000fc        0x4 obj\debug\src\main.o
                0x200000fc                countup_days
 .bss.__malloc_sbrk_start
                0x20000100        0x4 c:/program files (x86)/emblocks/2.30/share/em_armgcc/bin/../lib/gcc/arm-none-eabi/4.7.3/../../../../arm-none-eabi/lib/armv6-m\libc_n.a(lib_a-nano-mallocr.o)
                0x20000100                __malloc_sbrk_start
 .bss.__malloc_free_list
                0x20000104        0x4 c:/program files (x86)/emblocks/2.30/share/em_armgcc/bin/../lib/gcc/arm-none-eabi/4.7.3/../../../../arm-none-eabi/lib/armv6-m\libc_n.a(lib_a-nano-mallocr.o)
                0x20000104                __malloc_free_list
 .bss.heap_end.4240
                0x20000108        0x4 c:/program files (x86)/emblocks/2.30/share/em_armgcc/bin/../lib/gcc/arm-none-eabi/4.7.3/../../../../arm-none-eabi/lib/armv6-m\libnosys.a(sbrk.o)
 *(COMMON)
 COMMON         0x2000010c       0x54 obj\debug\bsp\stm32l0538-discovery\stm32l0538_discovery.o
                0x2000010c                SpiHandle
 COMMON         0x20000160       0x18 obj\debug\src\main.o
                0x20000160                datestructure
                0x20000164                timestructure
 COMMON         0x20000178       0x24 obj\debug\src\rtc.o
                0x20000178                RtcHandle
 COMMON         0x2000019c       0x6c obj\debug\src\serialshell.o
                0x2000019c                UartHandle
 COMMON         0x20000208        0x4 c:/program files (x86)/emblocks/2.30/share/em_armgcc/bin/../lib/gcc/arm-none-eabi/4.7.3/../../../../arm-none-eabi/lib/armv6-m\libc_n.a(lib_a-reent.o)
                0x20000208                errno
                0x2000020c                __bss_end__ = .

.heap           0x20000210        0x0
                0x20000210                __end__ = .
                0x20000210                end = __end__
 *(.heap*)
 .heap          0x20000210        0x0 obj\debug\src\startup_stm32l0xx.o
                0x20000210                __HeapLimit = .

.stack_dummy    0x20000210     0x1000
 *(.stack)
 .stack         0x20000210     0x1000 obj\debug\src\startup_stm32l0xx.o
                0x20002000                __StackTop = (ORIGIN (RAM) + 0x2000)
                0x20001000                __StackLimit = (__StackTop - SIZEOF (.stack_dummy))
                0x20002000                PROVIDE (__stack, __StackTop)
                0x00000001                ASSERT ((__StackLimit >= __HeapLimit), region RAM overflowed with stack)
LOAD obj\debug\bsp\components\gde021a1\gde021a1.o
LOAD obj\debug\bsp\stm32l0538-discovery\stm32l0538_discovery.o
LOAD obj\debug\bsp\stm32l0538-discovery\stm32l0538_discovery_epd.o
LOAD obj\debug\stm32l0xx_hal_driver\src\stm32l0xx_hal.o
LOAD obj\debug\stm32l0xx_hal_driver\src\stm32l0xx_hal_cortex.o
LOAD obj\debug\stm32l0xx_hal_driver\src\stm32l0xx_hal_gpio.o
LOAD obj\debug\stm32l0xx_hal_driver\src\stm32l0xx_hal_pwr.o
LOAD obj\debug\stm32l0xx_hal_driver\src\stm32l0xx_hal_pwr_ex.o
LOAD obj\debug\stm32l0xx_hal_driver\src\stm32l0xx_hal_rcc.o
LOAD obj\debug\stm32l0xx_hal_driver\src\stm32l0xx_hal_rcc_ex.o
LOAD obj\debug\stm32l0xx_hal_driver\src\stm32l0xx_hal_rtc.o
LOAD obj\debug\stm32l0xx_hal_driver\src\stm32l0xx_hal_rtc_ex.o
LOAD obj\debug\stm32l0xx_hal_driver\src\stm32l0xx_hal_spi.o
LOAD obj\debug\stm32l0xx_hal_driver\src\stm32l0xx_hal_uart.o
LOAD obj\debug\stm32l0xx_hal_driver\src\stm32l0xx_hal_uart_ex.o
LOAD obj\debug\src\bsp.o
LOAD obj\debug\src\main.o
LOAD obj\debug\src\rtc.o
LOAD obj\debug\src\serialshell.o
LOAD obj\debug\src\startup_stm32l0xx.o
LOAD obj\debug\src\stm32l0xx_hal_msp.o
LOAD obj\debug\src\stm32l0xx_it.o
LOAD obj\debug\src\system_stm32l0xx.o
START GROUP
LOAD c:/program files (x86)/emblocks/2.30/share/em_armgcc/bin/../lib/gcc/arm-none-eabi/4.7.3/armv6-m\libgcc.a
LOAD c:/program files (x86)/emblocks/2.30/share/em_armgcc/bin/../lib/gcc/arm-none-eabi/4.7.3/../../../../arm-none-eabi/lib/armv6-m\libc_n.a
LOAD c:/program files (x86)/emblocks/2.30/share/em_armgcc/bin/../lib/gcc/arm-none-eabi/4.7.3/../../../../arm-none-eabi/lib/armv6-m\libg_n.a
LOAD c:/program files (x86)/emblocks/2.30/share/em_armgcc/bin/../lib/gcc/arm-none-eabi/4.7.3/../../../../arm-none-eabi/lib/armv6-m\libnosys.a
END GROUP
LOAD c:/program files (x86)/emblocks/2.30/share/em_armgcc/bin/../lib/gcc/arm-none-eabi/4.7.3/armv6-m/crtend.o
LOAD c:/program files (x86)/emblocks/2.30/share/em_armgcc/bin/../lib/gcc/arm-none-eabi/4.7.3/armv6-m/crtn.o
OUTPUT(bin\Debug\STM32L053_DISCO_epaper_cnt.elf elf32-littlearm)

.ARM.attributes
                0x00000000       0x28
 .ARM.attributes
                0x00000000       0x1e c:/program files (x86)/emblocks/2.30/share/em_armgcc/bin/../lib/gcc/arm-none-eabi/4.7.3/armv6-m/crti.o
 .ARM.attributes
                0x0000001e       0x2c c:/program files (x86)/emblocks/2.30/share/em_armgcc/bin/../lib/gcc/arm-none-eabi/4.7.3/armv6-m/crtbegin.o
 .ARM.attributes
                0x0000004a       0x1b c:/program files (x86)/emblocks/2.30/share/em_armgcc/bin/../lib/gcc/arm-none-eabi/4.7.3/../../../../arm-none-eabi/lib/armv6-m/crt0.o
 .ARM.attributes
                0x00000065       0x32 obj\debug\bsp\components\gde021a1\gde021a1.o
 .ARM.attributes
                0x00000097       0x32 obj\debug\bsp\stm32l0538-discovery\stm32l0538_discovery.o
 .ARM.attributes
                0x000000c9       0x32 obj\debug\bsp\stm32l0538-discovery\stm32l0538_discovery_epd.o
 .ARM.attributes
                0x000000fb       0x32 obj\debug\stm32l0xx_hal_driver\src\stm32l0xx_hal.o
 .ARM.attributes
                0x0000012d       0x32 obj\debug\stm32l0xx_hal_driver\src\stm32l0xx_hal_cortex.o
 .ARM.attributes
                0x0000015f       0x32 obj\debug\stm32l0xx_hal_driver\src\stm32l0xx_hal_gpio.o
 .ARM.attributes
                0x00000191       0x32 obj\debug\stm32l0xx_hal_driver\src\stm32l0xx_hal_pwr.o
 .ARM.attributes
                0x000001c3       0x32 obj\debug\stm32l0xx_hal_driver\src\stm32l0xx_hal_pwr_ex.o
 .ARM.attributes
                0x000001f5       0x32 obj\debug\stm32l0xx_hal_driver\src\stm32l0xx_hal_rcc.o
 .ARM.attributes
                0x00000227       0x32 obj\debug\stm32l0xx_hal_driver\src\stm32l0xx_hal_rcc_ex.o
 .ARM.attributes
                0x00000259       0x32 obj\debug\stm32l0xx_hal_driver\src\stm32l0xx_hal_rtc.o
 .ARM.attributes
                0x0000028b       0x32 obj\debug\stm32l0xx_hal_driver\src\stm32l0xx_hal_rtc_ex.o
 .ARM.attributes
                0x000002bd       0x32 obj\debug\stm32l0xx_hal_driver\src\stm32l0xx_hal_spi.o
 .ARM.attributes
                0x000002ef       0x32 obj\debug\stm32l0xx_hal_driver\src\stm32l0xx_hal_uart.o
 .ARM.attributes
                0x00000321       0x32 obj\debug\src\bsp.o
 .ARM.attributes
                0x00000353       0x32 obj\debug\src\main.o
 .ARM.attributes
                0x00000385       0x32 obj\debug\src\rtc.o
 .ARM.attributes
                0x000003b7       0x32 obj\debug\src\serialshell.o
 .ARM.attributes
                0x000003e9       0x1b obj\debug\src\startup_stm32l0xx.o
 .ARM.attributes
                0x00000404       0x32 obj\debug\src\stm32l0xx_hal_msp.o
 .ARM.attributes
                0x00000436       0x32 obj\debug\src\stm32l0xx_it.o
 .ARM.attributes
                0x00000468       0x32 obj\debug\src\system_stm32l0xx.o
 .ARM.attributes
                0x0000049a       0x1e c:/program files (x86)/emblocks/2.30/share/em_armgcc/bin/../lib/gcc/arm-none-eabi/4.7.3/armv6-m\libgcc.a(_udivsi3.o)
 .ARM.attributes
                0x000004b8       0x1e c:/program files (x86)/emblocks/2.30/share/em_armgcc/bin/../lib/gcc/arm-none-eabi/4.7.3/armv6-m\libgcc.a(_dvmd_tls.o)
 .ARM.attributes
                0x000004d6       0x2c c:/program files (x86)/emblocks/2.30/share/em_armgcc/bin/../lib/gcc/arm-none-eabi/4.7.3/../../../../arm-none-eabi/lib/armv6-m\libc_n.a(lib_a-exit.o)
 .ARM.attributes
                0x00000502       0x2c c:/program files (x86)/emblocks/2.30/share/em_armgcc/bin/../lib/gcc/arm-none-eabi/4.7.3/../../../../arm-none-eabi/lib/armv6-m\libc_n.a(lib_a-impure.o)
 .ARM.attributes
                0x0000052e       0x2c c:/program files (x86)/emblocks/2.30/share/em_armgcc/bin/../lib/gcc/arm-none-eabi/4.7.3/../../../../arm-none-eabi/lib/armv6-m\libc_n.a(lib_a-init.o)
 .ARM.attributes
                0x0000055a       0x2c c:/program files (x86)/emblocks/2.30/share/em_armgcc/bin/../lib/gcc/arm-none-eabi/4.7.3/../../../../arm-none-eabi/lib/armv6-m\libc_n.a(lib_a-memcpy-stub.o)
 .ARM.attributes
                0x00000586       0x2c c:/program files (x86)/emblocks/2.30/share/em_armgcc/bin/../lib/gcc/arm-none-eabi/4.7.3/../../../../arm-none-eabi/lib/armv6-m\libc_n.a(lib_a-memset.o)
 .ARM.attributes
                0x000005b2       0x2c c:/program files (x86)/emblocks/2.30/share/em_armgcc/bin/../lib/gcc/arm-none-eabi/4.7.3/../../../../arm-none-eabi/lib/armv6-m\libc_n.a(lib_a-printf.o)
 .ARM.attributes
                0x000005de       0x2c c:/program files (x86)/emblocks/2.30/share/em_armgcc/bin/../lib/gcc/arm-none-eabi/4.7.3/../../../../arm-none-eabi/lib/armv6-m\libc_n.a(lib_a-puts.o)
 .ARM.attributes
                0x0000060a       0x2c c:/program files (x86)/emblocks/2.30/share/em_armgcc/bin/../lib/gcc/arm-none-eabi/4.7.3/../../../../arm-none-eabi/lib/armv6-m\libc_n.a(lib_a-sprintf.o)
 .ARM.attributes
                0x00000636       0x2c c:/program files (x86)/emblocks/2.30/share/em_armgcc/bin/../lib/gcc/arm-none-eabi/4.7.3/../../../../arm-none-eabi/lib/armv6-m\libc_n.a(lib_a-svfprintf.o)
 .ARM.attributes
                0x00000662       0x2c c:/program files (x86)/emblocks/2.30/share/em_armgcc/bin/../lib/gcc/arm-none-eabi/4.7.3/../../../../arm-none-eabi/lib/armv6-m\libc_n.a(lib_a-vfprintf.o)
 .ARM.attributes
                0x0000068e       0x2c c:/program files (x86)/emblocks/2.30/share/em_armgcc/bin/../lib/gcc/arm-none-eabi/4.7.3/../../../../arm-none-eabi/lib/armv6-m\libc_n.a(lib_a-vfprintf_i.o)
 .ARM.attributes
                0x000006ba       0x2c c:/program files (x86)/emblocks/2.30/share/em_armgcc/bin/../lib/gcc/arm-none-eabi/4.7.3/../../../../arm-none-eabi/lib/armv6-m\libc_n.a(lib_a-wbuf.o)
 .ARM.attributes
                0x000006e6       0x2c c:/program files (x86)/emblocks/2.30/share/em_armgcc/bin/../lib/gcc/arm-none-eabi/4.7.3/../../../../arm-none-eabi/lib/armv6-m\libc_n.a(lib_a-wsetup.o)
 .ARM.attributes
                0x00000712       0x2c c:/program files (x86)/emblocks/2.30/share/em_armgcc/bin/../lib/gcc/arm-none-eabi/4.7.3/../../../../arm-none-eabi/lib/armv6-m\libc_n.a(lib_a-fflush.o)
 .ARM.attributes
                0x0000073e       0x2c c:/program files (x86)/emblocks/2.30/share/em_armgcc/bin/../lib/gcc/arm-none-eabi/4.7.3/../../../../arm-none-eabi/lib/armv6-m\libc_n.a(lib_a-findfp.o)
 .ARM.attributes
                0x0000076a       0x2c c:/program files (x86)/emblocks/2.30/share/em_armgcc/bin/../lib/gcc/arm-none-eabi/4.7.3/../../../../arm-none-eabi/lib/armv6-m\libc_n.a(lib_a-makebuf.o)
 .ARM.attributes
                0x00000796       0x2c c:/program files (x86)/emblocks/2.30/share/em_armgcc/bin/../lib/gcc/arm-none-eabi/4.7.3/../../../../arm-none-eabi/lib/armv6-m\libc_n.a(lib_a-memchr-stub.o)
 .ARM.attributes
                0x000007c2       0x2c c:/program files (x86)/emblocks/2.30/share/em_armgcc/bin/../lib/gcc/arm-none-eabi/4.7.3/../../../../arm-none-eabi/lib/armv6-m\libc_n.a(lib_a-memmove.o)
 .ARM.attributes
                0x000007ee       0x2c c:/program files (x86)/emblocks/2.30/share/em_armgcc/bin/../lib/gcc/arm-none-eabi/4.7.3/../../../../arm-none-eabi/lib/armv6-m\libc_n.a(lib_a-nano-freer.o)
 .ARM.attributes
                0x0000081a       0x2c c:/program files (x86)/emblocks/2.30/share/em_armgcc/bin/../lib/gcc/arm-none-eabi/4.7.3/../../../../arm-none-eabi/lib/armv6-m\libc_n.a(lib_a-nano-mallocr.o)
 .ARM.attributes
                0x00000846       0x2c c:/program files (x86)/emblocks/2.30/share/em_armgcc/bin/../lib/gcc/arm-none-eabi/4.7.3/../../../../arm-none-eabi/lib/armv6-m\libc_n.a(lib_a-nano-reallocr.o)
 .ARM.attributes
                0x00000872       0x2c c:/program files (x86)/emblocks/2.30/share/em_armgcc/bin/../lib/gcc/arm-none-eabi/4.7.3/../../../../arm-none-eabi/lib/armv6-m\libc_n.a(lib_a-sbrkr.o)
 .ARM.attributes
                0x0000089e       0x2c c:/program files (x86)/emblocks/2.30/share/em_armgcc/bin/../lib/gcc/arm-none-eabi/4.7.3/../../../../arm-none-eabi/lib/armv6-m\libc_n.a(lib_a-stdio.o)
 .ARM.attributes
                0x000008ca       0x2c c:/program files (x86)/emblocks/2.30/share/em_armgcc/bin/../lib/gcc/arm-none-eabi/4.7.3/../../../../arm-none-eabi/lib/armv6-m\libc_n.a(lib_a-strlen.o)
 .ARM.attributes
                0x000008f6       0x2c c:/program files (x86)/emblocks/2.30/share/em_armgcc/bin/../lib/gcc/arm-none-eabi/4.7.3/../../../../arm-none-eabi/lib/armv6-m\libc_n.a(lib_a-writer.o)
 .ARM.attributes
                0x00000922       0x2c c:/program files (x86)/emblocks/2.30/share/em_armgcc/bin/../lib/gcc/arm-none-eabi/4.7.3/../../../../arm-none-eabi/lib/armv6-m\libc_n.a(lib_a-closer.o)
 .ARM.attributes
                0x0000094e       0x2c c:/program files (x86)/emblocks/2.30/share/em_armgcc/bin/../lib/gcc/arm-none-eabi/4.7.3/../../../../arm-none-eabi/lib/armv6-m\libc_n.a(lib_a-fstatr.o)
 .ARM.attributes
                0x0000097a       0x2c c:/program files (x86)/emblocks/2.30/share/em_armgcc/bin/../lib/gcc/arm-none-eabi/4.7.3/../../../../arm-none-eabi/lib/armv6-m\libc_n.a(lib_a-isattyr.o)
 .ARM.attributes
                0x000009a6       0x2c c:/program files (x86)/emblocks/2.30/share/em_armgcc/bin/../lib/gcc/arm-none-eabi/4.7.3/../../../../arm-none-eabi/lib/armv6-m\libc_n.a(lib_a-lseekr.o)
 .ARM.attributes
                0x000009d2       0x2c c:/program files (x86)/emblocks/2.30/share/em_armgcc/bin/../lib/gcc/arm-none-eabi/4.7.3/../../../../arm-none-eabi/lib/armv6-m\libc_n.a(lib_a-nano-msizer.o)
 .ARM.attributes
                0x000009fe       0x2c c:/program files (x86)/emblocks/2.30/share/em_armgcc/bin/../lib/gcc/arm-none-eabi/4.7.3/../../../../arm-none-eabi/lib/armv6-m\libc_n.a(lib_a-readr.o)
 .ARM.attributes
                0x00000a2a       0x2c c:/program files (x86)/emblocks/2.30/share/em_armgcc/bin/../lib/gcc/arm-none-eabi/4.7.3/../../../../arm-none-eabi/lib/armv6-m\libc_n.a(lib_a-reent.o)
 .ARM.attributes
                0x00000a56       0x2c c:/program files (x86)/emblocks/2.30/share/em_armgcc/bin/../lib/gcc/arm-none-eabi/4.7.3/../../../../arm-none-eabi/lib/armv6-m\libnosys.a(close.o)
 .ARM.attributes
                0x00000a82       0x2c c:/program files (x86)/emblocks/2.30/share/em_armgcc/bin/../lib/gcc/arm-none-eabi/4.7.3/../../../../arm-none-eabi/lib/armv6-m\libnosys.a(fstat.o)
 .ARM.attributes
                0x00000aae       0x2c c:/program files (x86)/emblocks/2.30/share/em_armgcc/bin/../lib/gcc/arm-none-eabi/4.7.3/../../../../arm-none-eabi/lib/armv6-m\libnosys.a(isatty.o)
 .ARM.attributes
                0x00000ada       0x2c c:/program files (x86)/emblocks/2.30/share/em_armgcc/bin/../lib/gcc/arm-none-eabi/4.7.3/../../../../arm-none-eabi/lib/armv6-m\libnosys.a(lseek.o)
 .ARM.attributes
                0x00000b06       0x2c c:/program files (x86)/emblocks/2.30/share/em_armgcc/bin/../lib/gcc/arm-none-eabi/4.7.3/../../../../arm-none-eabi/lib/armv6-m\libnosys.a(read.o)
 .ARM.attributes
                0x00000b32       0x2c c:/program files (x86)/emblocks/2.30/share/em_armgcc/bin/../lib/gcc/arm-none-eabi/4.7.3/../../../../arm-none-eabi/lib/armv6-m\libnosys.a(sbrk.o)
 .ARM.attributes
                0x00000b5e       0x2c c:/program files (x86)/emblocks/2.30/share/em_armgcc/bin/../lib/gcc/arm-none-eabi/4.7.3/../../../../arm-none-eabi/lib/armv6-m\libnosys.a(_exit.o)
 .ARM.attributes
                0x00000b8a       0x2c c:/program files (x86)/emblocks/2.30/share/em_armgcc/bin/../lib/gcc/arm-none-eabi/4.7.3/armv6-m/crtend.o
 .ARM.attributes
                0x00000bb6       0x1e c:/program files (x86)/emblocks/2.30/share/em_armgcc/bin/../lib/gcc/arm-none-eabi/4.7.3/armv6-m/crtn.o

.comment        0x00000000       0x38
 .comment       0x00000000       0x38 obj\debug\bsp\components\gde021a1\gde021a1.o
                                 0x39 (size before relaxing)
 .comment       0x00000000       0x39 obj\debug\bsp\stm32l0538-discovery\stm32l0538_discovery.o
 .comment       0x00000000       0x39 obj\debug\bsp\stm32l0538-discovery\stm32l0538_discovery_epd.o
 .comment       0x00000000       0x39 obj\debug\stm32l0xx_hal_driver\src\stm32l0xx_hal.o
 .comment       0x00000000       0x39 obj\debug\stm32l0xx_hal_driver\src\stm32l0xx_hal_cortex.o
 .comment       0x00000000       0x39 obj\debug\stm32l0xx_hal_driver\src\stm32l0xx_hal_gpio.o
 .comment       0x00000000       0x39 obj\debug\stm32l0xx_hal_driver\src\stm32l0xx_hal_pwr.o
 .comment       0x00000000       0x39 obj\debug\stm32l0xx_hal_driver\src\stm32l0xx_hal_pwr_ex.o
 .comment       0x00000000       0x39 obj\debug\stm32l0xx_hal_driver\src\stm32l0xx_hal_rcc.o
 .comment       0x00000000       0x39 obj\debug\stm32l0xx_hal_driver\src\stm32l0xx_hal_rcc_ex.o
 .comment       0x00000000       0x39 obj\debug\stm32l0xx_hal_driver\src\stm32l0xx_hal_rtc.o
 .comment       0x00000000       0x39 obj\debug\stm32l0xx_hal_driver\src\stm32l0xx_hal_rtc_ex.o
 .comment       0x00000000       0x39 obj\debug\stm32l0xx_hal_driver\src\stm32l0xx_hal_spi.o
 .comment       0x00000000       0x39 obj\debug\stm32l0xx_hal_driver\src\stm32l0xx_hal_uart.o
 .comment       0x00000000       0x39 obj\debug\src\bsp.o
 .comment       0x00000000       0x39 obj\debug\src\main.o
 .comment       0x00000000       0x39 obj\debug\src\rtc.o
 .comment       0x00000000       0x39 obj\debug\src\serialshell.o
 .comment       0x00000000       0x39 obj\debug\src\stm32l0xx_hal_msp.o
 .comment       0x00000000       0x39 obj\debug\src\stm32l0xx_it.o
 .comment       0x00000000       0x39 obj\debug\src\system_stm32l0xx.o

.debug_info     0x00000000     0xac8b
 .debug_info    0x00000000      0x425 obj\debug\bsp\components\gde021a1\gde021a1.o
 .debug_info    0x00000425      0xd28 obj\debug\bsp\stm32l0538-discovery\stm32l0538_discovery.o
 .debug_info    0x0000114d      0x8d0 obj\debug\bsp\stm32l0538-discovery\stm32l0538_discovery_epd.o
 .debug_info    0x00001a1d      0x88e obj\debug\stm32l0xx_hal_driver\src\stm32l0xx_hal.o
 .debug_info    0x000022ab      0x6b6 obj\debug\stm32l0xx_hal_driver\src\stm32l0xx_hal_cortex.o
 .debug_info    0x00002961      0x6bd obj\debug\stm32l0xx_hal_driver\src\stm32l0xx_hal_gpio.o
 .debug_info    0x0000301e      0x62a obj\debug\stm32l0xx_hal_driver\src\stm32l0xx_hal_pwr.o
 .debug_info    0x00003648      0x14d obj\debug\stm32l0xx_hal_driver\src\stm32l0xx_hal_pwr_ex.o
 .debug_info    0x00003795      0x8ff obj\debug\stm32l0xx_hal_driver\src\stm32l0xx_hal_rcc.o
 .debug_info    0x00004094      0x59b obj\debug\stm32l0xx_hal_driver\src\stm32l0xx_hal_rcc_ex.o
 .debug_info    0x0000462f      0xaf8 obj\debug\stm32l0xx_hal_driver\src\stm32l0xx_hal_rtc.o
 .debug_info    0x00005127      0xe25 obj\debug\stm32l0xx_hal_driver\src\stm32l0xx_hal_rtc_ex.o
 .debug_info    0x00005f4c      0xf6d obj\debug\stm32l0xx_hal_driver\src\stm32l0xx_hal_spi.o
 .debug_info    0x00006eb9     0x114b obj\debug\stm32l0xx_hal_driver\src\stm32l0xx_hal_uart.o
 .debug_info    0x00008004       0xb5 obj\debug\src\bsp.o
 .debug_info    0x000080b9      0x693 obj\debug\src\main.o
 .debug_info    0x0000874c      0x5ce obj\debug\src\rtc.o
 .debug_info    0x00008d1a      0x8f2 obj\debug\src\serialshell.o
 .debug_info    0x0000960c       0x79 obj\debug\src\startup_stm32l0xx.o
 .debug_info    0x00009685      0xe61 obj\debug\src\stm32l0xx_hal_msp.o
 .debug_info    0x0000a4e6      0x411 obj\debug\src\stm32l0xx_it.o
 .debug_info    0x0000a8f7      0x394 obj\debug\src\system_stm32l0xx.o

.debug_abbrev   0x00000000     0x205e
 .debug_abbrev  0x00000000      0x178 obj\debug\bsp\components\gde021a1\gde021a1.o
 .debug_abbrev  0x00000178      0x23b obj\debug\bsp\stm32l0538-discovery\stm32l0538_discovery.o
 .debug_abbrev  0x000003b3      0x26b obj\debug\bsp\stm32l0538-discovery\stm32l0538_discovery_epd.o
 .debug_abbrev  0x0000061e      0x1c5 obj\debug\stm32l0xx_hal_driver\src\stm32l0xx_hal.o
 .debug_abbrev  0x000007e3      0x1f1 obj\debug\stm32l0xx_hal_driver\src\stm32l0xx_hal_cortex.o
 .debug_abbrev  0x000009d4      0x1ad obj\debug\stm32l0xx_hal_driver\src\stm32l0xx_hal_gpio.o
 .debug_abbrev  0x00000b81      0x176 obj\debug\stm32l0xx_hal_driver\src\stm32l0xx_hal_pwr.o
 .debug_abbrev  0x00000cf7       0x84 obj\debug\stm32l0xx_hal_driver\src\stm32l0xx_hal_pwr_ex.o
 .debug_abbrev  0x00000d7b      0x213 obj\debug\stm32l0xx_hal_driver\src\stm32l0xx_hal_rcc.o
 .debug_abbrev  0x00000f8e      0x172 obj\debug\stm32l0xx_hal_driver\src\stm32l0xx_hal_rcc_ex.o
 .debug_abbrev  0x00001100      0x19d obj\debug\stm32l0xx_hal_driver\src\stm32l0xx_hal_rtc.o
 .debug_abbrev  0x0000129d      0x1ac obj\debug\stm32l0xx_hal_driver\src\stm32l0xx_hal_rtc_ex.o
 .debug_abbrev  0x00001449      0x1e8 obj\debug\stm32l0xx_hal_driver\src\stm32l0xx_hal_spi.o
 .debug_abbrev  0x00001631      0x204 obj\debug\stm32l0xx_hal_driver\src\stm32l0xx_hal_uart.o
 .debug_abbrev  0x00001835       0x5d obj\debug\src\bsp.o
 .debug_abbrev  0x00001892      0x173 obj\debug\src\main.o
 .debug_abbrev  0x00001a05      0x142 obj\debug\src\rtc.o
 .debug_abbrev  0x00001b47      0x198 obj\debug\src\serialshell.o
 .debug_abbrev  0x00001cdf       0x14 obj\debug\src\startup_stm32l0xx.o
 .debug_abbrev  0x00001cf3      0x17f obj\debug\src\stm32l0xx_hal_msp.o
 .debug_abbrev  0x00001e72       0xf7 obj\debug\src\stm32l0xx_it.o
 .debug_abbrev  0x00001f69       0xf5 obj\debug\src\system_stm32l0xx.o

.debug_loc      0x00000000     0x3fd6
 .debug_loc     0x00000000      0x200 obj\debug\bsp\components\gde021a1\gde021a1.o
 .debug_loc     0x00000200      0x388 obj\debug\bsp\stm32l0538-discovery\stm32l0538_discovery.o
 .debug_loc     0x00000588      0x37c obj\debug\bsp\stm32l0538-discovery\stm32l0538_discovery_epd.o
 .debug_loc     0x00000904      0x580 obj\debug\stm32l0xx_hal_driver\src\stm32l0xx_hal.o
 .debug_loc     0x00000e84      0x3f8 obj\debug\stm32l0xx_hal_driver\src\stm32l0xx_hal_cortex.o
 .debug_loc     0x0000127c      0x1c0 obj\debug\stm32l0xx_hal_driver\src\stm32l0xx_hal_gpio.o
 .debug_loc     0x0000143c      0x278 obj\debug\stm32l0xx_hal_driver\src\stm32l0xx_hal_pwr.o
 .debug_loc     0x000016b4      0x108 obj\debug\stm32l0xx_hal_driver\src\stm32l0xx_hal_pwr_ex.o
 .debug_loc     0x000017bc      0x284 obj\debug\stm32l0xx_hal_driver\src\stm32l0xx_hal_rcc.o
 .debug_loc     0x00001a40      0x19c obj\debug\stm32l0xx_hal_driver\src\stm32l0xx_hal_rcc_ex.o
 .debug_loc     0x00001bdc      0x460 obj\debug\stm32l0xx_hal_driver\src\stm32l0xx_hal_rtc.o
 .debug_loc     0x0000203c      0x738 obj\debug\stm32l0xx_hal_driver\src\stm32l0xx_hal_rtc_ex.o
 .debug_loc     0x00002774      0x888 obj\debug\stm32l0xx_hal_driver\src\stm32l0xx_hal_spi.o
 .debug_loc     0x00002ffc      0x8f8 obj\debug\stm32l0xx_hal_driver\src\stm32l0xx_hal_uart.o
 .debug_loc     0x000038f4       0x2c obj\debug\src\bsp.o
 .debug_loc     0x00003920      0x130 obj\debug\src\main.o
 .debug_loc     0x00003a50      0x144 obj\debug\src\rtc.o
 .debug_loc     0x00003b94      0x144 obj\debug\src\serialshell.o
 .debug_loc     0x00003cd8      0x13a obj\debug\src\stm32l0xx_hal_msp.o
 .debug_loc     0x00003e12      0x160 obj\debug\src\stm32l0xx_it.o
 .debug_loc     0x00003f72       0x64 obj\debug\src\system_stm32l0xx.o

.debug_aranges  0x00000000      0xbb8
 .debug_aranges
                0x00000000       0x68 obj\debug\bsp\components\gde021a1\gde021a1.o
 .debug_aranges
                0x00000068       0xa0 obj\debug\bsp\stm32l0538-discovery\stm32l0538_discovery.o
 .debug_aranges
                0x00000108       0xa0 obj\debug\bsp\stm32l0538-discovery\stm32l0538_discovery_epd.o
 .debug_aranges
                0x000001a8      0x100 obj\debug\stm32l0xx_hal_driver\src\stm32l0xx_hal.o
 .debug_aranges
                0x000002a8       0xb0 obj\debug\stm32l0xx_hal_driver\src\stm32l0xx_hal_cortex.o
 .debug_aranges
                0x00000358       0x58 obj\debug\stm32l0xx_hal_driver\src\stm32l0xx_hal_gpio.o
 .debug_aranges
                0x000003b0       0x80 obj\debug\stm32l0xx_hal_driver\src\stm32l0xx_hal_pwr.o
 .debug_aranges
                0x00000430       0x48 obj\debug\stm32l0xx_hal_driver\src\stm32l0xx_hal_pwr_ex.o
 .debug_aranges
                0x00000478       0x80 obj\debug\stm32l0xx_hal_driver\src\stm32l0xx_hal_rcc.o
 .debug_aranges
                0x000004f8       0x58 obj\debug\stm32l0xx_hal_driver\src\stm32l0xx_hal_rcc_ex.o
 .debug_aranges
                0x00000550       0xb8 obj\debug\stm32l0xx_hal_driver\src\stm32l0xx_hal_rtc.o
 .debug_aranges
                0x00000608      0x120 obj\debug\stm32l0xx_hal_driver\src\stm32l0xx_hal_rtc_ex.o
 .debug_aranges
                0x00000728      0x150 obj\debug\stm32l0xx_hal_driver\src\stm32l0xx_hal_spi.o
 .debug_aranges
                0x00000878      0x160 obj\debug\stm32l0xx_hal_driver\src\stm32l0xx_hal_uart.o
 .debug_aranges
                0x000009d8       0x20 obj\debug\src\bsp.o
 .debug_aranges
                0x000009f8       0x48 obj\debug\src\main.o
 .debug_aranges
                0x00000a40       0x48 obj\debug\src\rtc.o
 .debug_aranges
                0x00000a88       0x48 obj\debug\src\serialshell.o
 .debug_aranges
                0x00000ad0       0x20 obj\debug\src\startup_stm32l0xx.o
 .debug_aranges
                0x00000af0       0x48 obj\debug\src\stm32l0xx_hal_msp.o
 .debug_aranges
                0x00000b38       0x58 obj\debug\src\stm32l0xx_it.o
 .debug_aranges
                0x00000b90       0x28 obj\debug\src\system_stm32l0xx.o

.debug_ranges   0x00000000      0xa48
 .debug_ranges  0x00000000       0x58 obj\debug\bsp\components\gde021a1\gde021a1.o
 .debug_ranges  0x00000058       0x90 obj\debug\bsp\stm32l0538-discovery\stm32l0538_discovery.o
 .debug_ranges  0x000000e8       0x90 obj\debug\bsp\stm32l0538-discovery\stm32l0538_discovery_epd.o
 .debug_ranges  0x00000178       0xf0 obj\debug\stm32l0xx_hal_driver\src\stm32l0xx_hal.o
 .debug_ranges  0x00000268       0xa0 obj\debug\stm32l0xx_hal_driver\src\stm32l0xx_hal_cortex.o
 .debug_ranges  0x00000308       0x48 obj\debug\stm32l0xx_hal_driver\src\stm32l0xx_hal_gpio.o
 .debug_ranges  0x00000350       0x70 obj\debug\stm32l0xx_hal_driver\src\stm32l0xx_hal_pwr.o
 .debug_ranges  0x000003c0       0x38 obj\debug\stm32l0xx_hal_driver\src\stm32l0xx_hal_pwr_ex.o
 .debug_ranges  0x000003f8       0x70 obj\debug\stm32l0xx_hal_driver\src\stm32l0xx_hal_rcc.o
 .debug_ranges  0x00000468       0x48 obj\debug\stm32l0xx_hal_driver\src\stm32l0xx_hal_rcc_ex.o
 .debug_ranges  0x000004b0       0xa8 obj\debug\stm32l0xx_hal_driver\src\stm32l0xx_hal_rtc.o
 .debug_ranges  0x00000558      0x110 obj\debug\stm32l0xx_hal_driver\src\stm32l0xx_hal_rtc_ex.o
 .debug_ranges  0x00000668      0x140 obj\debug\stm32l0xx_hal_driver\src\stm32l0xx_hal_spi.o
 .debug_ranges  0x000007a8      0x150 obj\debug\stm32l0xx_hal_driver\src\stm32l0xx_hal_uart.o
 .debug_ranges  0x000008f8       0x10 obj\debug\src\bsp.o
 .debug_ranges  0x00000908       0x38 obj\debug\src\main.o
 .debug_ranges  0x00000940       0x38 obj\debug\src\rtc.o
 .debug_ranges  0x00000978       0x38 obj\debug\src\serialshell.o
 .debug_ranges  0x000009b0       0x38 obj\debug\src\stm32l0xx_hal_msp.o
 .debug_ranges  0x000009e8       0x48 obj\debug\src\stm32l0xx_it.o
 .debug_ranges  0x00000a30       0x18 obj\debug\src\system_stm32l0xx.o

.debug_macro    0x00000000     0xa868
 .debug_macro   0x00000000       0x5b obj\debug\bsp\components\gde021a1\gde021a1.o
 .debug_macro   0x0000005b      0x7ea obj\debug\bsp\components\gde021a1\gde021a1.o
 .debug_macro   0x00000845       0x16 obj\debug\bsp\components\gde021a1\gde021a1.o
 .debug_macro   0x0000085b       0x44 obj\debug\bsp\components\gde021a1\gde021a1.o
 .debug_macro   0x0000089f      0x209 obj\debug\bsp\components\gde021a1\gde021a1.o
 .debug_macro   0x00000aa8       0xf4 obj\debug\bsp\components\gde021a1\gde021a1.o
 .debug_macro   0x00000b9c      0x18e obj\debug\bsp\stm32l0538-discovery\stm32l0538_discovery.o
 .debug_macro   0x00000d2a       0x94 obj\debug\bsp\stm32l0538-discovery\stm32l0538_discovery.o
 .debug_macro   0x00000dbe       0x2e obj\debug\bsp\stm32l0538-discovery\stm32l0538_discovery.o
 .debug_macro   0x00000dec       0x28 obj\debug\bsp\stm32l0538-discovery\stm32l0538_discovery.o
 .debug_macro   0x00000e14       0x3a obj\debug\bsp\stm32l0538-discovery\stm32l0538_discovery.o
 .debug_macro   0x00000e4e      0x376 obj\debug\bsp\stm32l0538-discovery\stm32l0538_discovery.o
 .debug_macro   0x000011c4     0x4524 obj\debug\bsp\stm32l0538-discovery\stm32l0538_discovery.o
 .debug_macro   0x000056e8       0x3c obj\debug\bsp\stm32l0538-discovery\stm32l0538_discovery.o
 .debug_macro   0x00005724       0x57 obj\debug\bsp\stm32l0538-discovery\stm32l0538_discovery.o
 .debug_macro   0x0000577b      0x743 obj\debug\bsp\stm32l0538-discovery\stm32l0538_discovery.o
 .debug_macro   0x00005ebe      0x69a obj\debug\bsp\stm32l0538-discovery\stm32l0538_discovery.o
 .debug_macro   0x00006558      0x13f obj\debug\bsp\stm32l0538-discovery\stm32l0538_discovery.o
 .debug_macro   0x00006697      0x157 obj\debug\bsp\stm32l0538-discovery\stm32l0538_discovery.o
 .debug_macro   0x000067ee      0x26b obj\debug\bsp\stm32l0538-discovery\stm32l0538_discovery.o
 .debug_macro   0x00006a59       0x28 obj\debug\bsp\stm32l0538-discovery\stm32l0538_discovery.o
 .debug_macro   0x00006a81      0x25d obj\debug\bsp\stm32l0538-discovery\stm32l0538_discovery.o
 .debug_macro   0x00006cde      0x14a obj\debug\bsp\stm32l0538-discovery\stm32l0538_discovery.o
 .debug_macro   0x00006e28       0x1c obj\debug\bsp\stm32l0538-discovery\stm32l0538_discovery.o
 .debug_macro   0x00006e44      0x131 obj\debug\bsp\stm32l0538-discovery\stm32l0538_discovery.o
 .debug_macro   0x00006f75       0x16 obj\debug\bsp\stm32l0538-discovery\stm32l0538_discovery.o
 .debug_macro   0x00006f8b      0x3c2 obj\debug\bsp\stm32l0538-discovery\stm32l0538_discovery.o
 .debug_macro   0x0000734d      0x2d2 obj\debug\bsp\stm32l0538-discovery\stm32l0538_discovery.o
 .debug_macro   0x0000761f      0x1d1 obj\debug\bsp\stm32l0538-discovery\stm32l0538_discovery.o
 .debug_macro   0x000077f0      0x4be obj\debug\bsp\stm32l0538-discovery\stm32l0538_discovery.o
 .debug_macro   0x00007cae       0x79 obj\debug\bsp\stm32l0538-discovery\stm32l0538_discovery.o
 .debug_macro   0x00007d27      0x130 obj\debug\bsp\stm32l0538-discovery\stm32l0538_discovery.o
 .debug_macro   0x00007e57      0x192 obj\debug\bsp\stm32l0538-discovery\stm32l0538_discovery.o
 .debug_macro   0x00007fe9      0x1ab obj\debug\bsp\stm32l0538-discovery\stm32l0538_discovery_epd.o
 .debug_macro   0x00008194       0x10 obj\debug\bsp\stm32l0538-discovery\stm32l0538_discovery_epd.o
 .debug_macro   0x000081a4       0x22 obj\debug\bsp\stm32l0538-discovery\stm32l0538_discovery_epd.o
 .debug_macro   0x000081c6      0x198 obj\debug\bsp\stm32l0538-discovery\stm32l0538_discovery_epd.o
 .debug_macro   0x0000835e      0x185 obj\debug\stm32l0xx_hal_driver\src\stm32l0xx_hal.o
 .debug_macro   0x000084e3      0x161 obj\debug\stm32l0xx_hal_driver\src\stm32l0xx_hal_cortex.o
 .debug_macro   0x00008644      0x1a0 obj\debug\stm32l0xx_hal_driver\src\stm32l0xx_hal_gpio.o
 .debug_macro   0x000087e4      0x161 obj\debug\stm32l0xx_hal_driver\src\stm32l0xx_hal_pwr.o
 .debug_macro   0x00008945      0x161 obj\debug\stm32l0xx_hal_driver\src\stm32l0xx_hal_pwr_ex.o
 .debug_macro   0x00008aa6      0x1a3 obj\debug\stm32l0xx_hal_driver\src\stm32l0xx_hal_rcc.o
 .debug_macro   0x00008c49      0x173 obj\debug\stm32l0xx_hal_driver\src\stm32l0xx_hal_rcc_ex.o
 .debug_macro   0x00008dbc      0x18c obj\debug\stm32l0xx_hal_driver\src\stm32l0xx_hal_rtc.o
 .debug_macro   0x00008f48      0x18c obj\debug\stm32l0xx_hal_driver\src\stm32l0xx_hal_rtc_ex.o
 .debug_macro   0x000090d4      0x168 obj\debug\stm32l0xx_hal_driver\src\stm32l0xx_hal_spi.o
 .debug_macro   0x0000923c      0x170 obj\debug\stm32l0xx_hal_driver\src\stm32l0xx_hal_uart.o
 .debug_macro   0x000093ac      0x1b8 obj\debug\src\bsp.o
 .debug_macro   0x00009564       0x6a obj\debug\src\bsp.o
 .debug_macro   0x000095ce      0x297 obj\debug\src\main.o
 .debug_macro   0x00009865       0x22 obj\debug\src\main.o
 .debug_macro   0x00009887       0x58 obj\debug\src\main.o
 .debug_macro   0x000098df       0x35 obj\debug\src\main.o
 .debug_macro   0x00009914       0xa2 obj\debug\src\main.o
 .debug_macro   0x000099b6       0x16 obj\debug\src\main.o
 .debug_macro   0x000099cc       0x97 obj\debug\src\main.o
 .debug_macro   0x00009a63       0x10 obj\debug\src\main.o
 .debug_macro   0x00009a73       0xf5 obj\debug\src\main.o
 .debug_macro   0x00009b68       0x52 obj\debug\src\main.o
 .debug_macro   0x00009bba       0x16 obj\debug\src\main.o
 .debug_macro   0x00009bd0       0x43 obj\debug\src\main.o
 .debug_macro   0x00009c13      0x180 obj\debug\src\main.o
 .debug_macro   0x00009d93       0x10 obj\debug\src\main.o
 .debug_macro   0x00009da3       0x22 obj\debug\src\main.o
 .debug_macro   0x00009dc5       0xbd obj\debug\src\main.o
 .debug_macro   0x00009e82       0x16 obj\debug\src\main.o
 .debug_macro   0x00009e98      0x16c obj\debug\src\main.o
 .debug_macro   0x0000a004      0x1bd obj\debug\src\rtc.o
 .debug_macro   0x0000a1c1       0x1c obj\debug\src\rtc.o
 .debug_macro   0x0000a1dd      0x280 obj\debug\src\serialshell.o
 .debug_macro   0x0000a45d      0x1ae obj\debug\src\stm32l0xx_hal_msp.o
 .debug_macro   0x0000a60b      0x1b8 obj\debug\src\stm32l0xx_it.o
 .debug_macro   0x0000a7c3       0xa5 obj\debug\src\system_stm32l0xx.o

.debug_line     0x00000000     0x96ac
 .debug_line    0x00000000      0x408 obj\debug\bsp\components\gde021a1\gde021a1.o
 .debug_line    0x00000408      0x681 obj\debug\bsp\stm32l0538-discovery\stm32l0538_discovery.o
 .debug_line    0x00000a89      0x7b4 obj\debug\bsp\stm32l0538-discovery\stm32l0538_discovery_epd.o
 .debug_line    0x0000123d      0x6fb obj\debug\stm32l0xx_hal_driver\src\stm32l0xx_hal.o
 .debug_line    0x00001938      0x67c obj\debug\stm32l0xx_hal_driver\src\stm32l0xx_hal_cortex.o
 .debug_line    0x00001fb4      0x630 obj\debug\stm32l0xx_hal_driver\src\stm32l0xx_hal_gpio.o
 .debug_line    0x000025e4      0x621 obj\debug\stm32l0xx_hal_driver\src\stm32l0xx_hal_pwr.o
 .debug_line    0x00002c05      0x53f obj\debug\stm32l0xx_hal_driver\src\stm32l0xx_hal_pwr_ex.o
 .debug_line    0x00003144      0x7d7 obj\debug\stm32l0xx_hal_driver\src\stm32l0xx_hal_rcc.o
 .debug_line    0x0000391b      0x5e1 obj\debug\stm32l0xx_hal_driver\src\stm32l0xx_hal_rcc_ex.o
 .debug_line    0x00003efc      0x891 obj\debug\stm32l0xx_hal_driver\src\stm32l0xx_hal_rtc.o
 .debug_line    0x0000478d      0xb41 obj\debug\stm32l0xx_hal_driver\src\stm32l0xx_hal_rtc_ex.o
 .debug_line    0x000052ce      0xcca obj\debug\stm32l0xx_hal_driver\src\stm32l0xx_hal_spi.o
 .debug_line    0x00005f98      0xc7d obj\debug\stm32l0xx_hal_driver\src\stm32l0xx_hal_uart.o
 .debug_line    0x00006c15      0x5b7 obj\debug\src\bsp.o
 .debug_line    0x000071cc      0x73f obj\debug\src\main.o
 .debug_line    0x0000790b      0x623 obj\debug\src\rtc.o
 .debug_line    0x00007f2e      0x775 obj\debug\src\serialshell.o
 .debug_line    0x000086a3       0x90 obj\debug\src\startup_stm32l0xx.o
 .debug_line    0x00008733      0x62f obj\debug\src\stm32l0xx_hal_msp.o
 .debug_line    0x00008d62      0x644 obj\debug\src\stm32l0xx_it.o
 .debug_line    0x000093a6      0x306 obj\debug\src\system_stm32l0xx.o

.debug_str      0x00000000    0x3bd4c
 .debug_str     0x00000000     0x2f7e obj\debug\bsp\components\gde021a1\gde021a1.o
                               0x3157 (size before relaxing)
 .debug_str     0x00002f7e    0x33925 obj\debug\bsp\stm32l0538-discovery\stm32l0538_discovery.o
                              0x366fb (size before relaxing)
 .debug_str     0x000368a3      0x341 obj\debug\bsp\stm32l0538-discovery\stm32l0538_discovery_epd.o
                              0x36396 (size before relaxing)
 .debug_str     0x00036be4      0x4c5 obj\debug\stm32l0xx_hal_driver\src\stm32l0xx_hal.o
                              0x35932 (size before relaxing)
 .debug_str     0x000370a9      0x1eb obj\debug\stm32l0xx_hal_driver\src\stm32l0xx_hal_cortex.o
                              0x35634 (size before relaxing)
 .debug_str     0x00037294      0x3c1 obj\debug\stm32l0xx_hal_driver\src\stm32l0xx_hal_gpio.o
                              0x35776 (size before relaxing)
 .debug_str     0x00037655      0x1b3 obj\debug\stm32l0xx_hal_driver\src\stm32l0xx_hal_pwr.o
                              0x354bb (size before relaxing)
 .debug_str     0x00037808       0xe5 obj\debug\stm32l0xx_hal_driver\src\stm32l0xx_hal_pwr_ex.o
                              0x352f1 (size before relaxing)
 .debug_str     0x000378ed      0x469 obj\debug\stm32l0xx_hal_driver\src\stm32l0xx_hal_rcc.o
                              0x35858 (size before relaxing)
 .debug_str     0x00037d56      0x35a obj\debug\stm32l0xx_hal_driver\src\stm32l0xx_hal_rcc_ex.o
                              0x35687 (size before relaxing)
 .debug_str     0x000380b0      0x5b0 obj\debug\stm32l0xx_hal_driver\src\stm32l0xx_hal_rtc.o
                              0x358af (size before relaxing)
 .debug_str     0x00038660      0x53e obj\debug\stm32l0xx_hal_driver\src\stm32l0xx_hal_rtc_ex.o
                              0x35bba (size before relaxing)
 .debug_str     0x00038b9e      0x39f obj\debug\stm32l0xx_hal_driver\src\stm32l0xx_hal_spi.o
                              0x35a5d (size before relaxing)
 .debug_str     0x00038f3d      0x763 obj\debug\stm32l0xx_hal_driver\src\stm32l0xx_hal_uart.o
                              0x35ce4 (size before relaxing)
 .debug_str     0x000396a0      0x23f obj\debug\src\bsp.o
                              0x3623a (size before relaxing)
 .debug_str     0x000398df     0x2214 obj\debug\src\main.o
                              0x387ac (size before relaxing)
 .debug_str     0x0003baf3       0x84 obj\debug\src\rtc.o
                              0x365f0 (size before relaxing)
 .debug_str     0x0003bb77       0xbb obj\debug\src\serialshell.o
                              0x38995 (size before relaxing)
 .debug_str     0x0003bc32       0x2c obj\debug\src\stm32l0xx_hal_msp.o
                              0x36d2b (size before relaxing)
 .debug_str     0x0003bc5e       0xa1 obj\debug\src\stm32l0xx_it.o
                              0x36471 (size before relaxing)
 .debug_str     0x0003bcff       0x4d obj\debug\src\system_stm32l0xx.o
                              0x1d08c (size before relaxing)

.debug_frame    0x00000000     0x3030
 .debug_frame   0x00000000      0x140 obj\debug\bsp\components\gde021a1\gde021a1.o
 .debug_frame   0x00000140      0x220 obj\debug\bsp\stm32l0538-discovery\stm32l0538_discovery.o
 .debug_frame   0x00000360      0x220 obj\debug\bsp\stm32l0538-discovery\stm32l0538_discovery_epd.o
 .debug_frame   0x00000580      0x368 obj\debug\stm32l0xx_hal_driver\src\stm32l0xx_hal.o
 .debug_frame   0x000008e8      0x264 obj\debug\stm32l0xx_hal_driver\src\stm32l0xx_hal_cortex.o
 .debug_frame   0x00000b4c      0x110 obj\debug\stm32l0xx_hal_driver\src\stm32l0xx_hal_gpio.o
 .debug_frame   0x00000c5c      0x190 obj\debug\stm32l0xx_hal_driver\src\stm32l0xx_hal_pwr.o
 .debug_frame   0x00000dec       0xb8 obj\debug\stm32l0xx_hal_driver\src\stm32l0xx_hal_pwr_ex.o
 .debug_frame   0x00000ea4      0x194 obj\debug\stm32l0xx_hal_driver\src\stm32l0xx_hal_rcc.o
 .debug_frame   0x00001038      0x104 obj\debug\stm32l0xx_hal_driver\src\stm32l0xx_hal_rcc_ex.o
 .debug_frame   0x0000113c      0x290 obj\debug\stm32l0xx_hal_driver\src\stm32l0xx_hal_rtc.o
 .debug_frame   0x000013cc      0x430 obj\debug\stm32l0xx_hal_driver\src\stm32l0xx_hal_rtc_ex.o
 .debug_frame   0x000017fc      0x4f0 obj\debug\stm32l0xx_hal_driver\src\stm32l0xx_hal_spi.o
 .debug_frame   0x00001cec      0x530 obj\debug\stm32l0xx_hal_driver\src\stm32l0xx_hal_uart.o
 .debug_frame   0x0000221c       0x2c obj\debug\src\bsp.o
 .debug_frame   0x00002248       0xc8 obj\debug\src\main.o
 .debug_frame   0x00002310       0xcc obj\debug\src\rtc.o
 .debug_frame   0x000023dc       0xcc obj\debug\src\serialshell.o
 .debug_frame   0x000024a8       0xc8 obj\debug\src\stm32l0xx_hal_msp.o
 .debug_frame   0x00002570       0xf0 obj\debug\src\stm32l0xx_it.o
 .debug_frame   0x00002660       0x4c obj\debug\src\system_stm32l0xx.o
 .debug_frame   0x000026ac       0x20 c:/program files (x86)/emblocks/2.30/share/em_armgcc/bin/../lib/gcc/arm-none-eabi/4.7.3/armv6-m\libgcc.a(_udivsi3.o)
 .debug_frame   0x000026cc       0x28 c:/program files (x86)/emblocks/2.30/share/em_armgcc/bin/../lib/gcc/arm-none-eabi/4.7.3/../../../../arm-none-eabi/lib/armv6-m\libc_n.a(lib_a-exit.o)
 .debug_frame   0x000026f4       0x2c c:/program files (x86)/emblocks/2.30/share/em_armgcc/bin/../lib/gcc/arm-none-eabi/4.7.3/../../../../arm-none-eabi/lib/armv6-m\libc_n.a(lib_a-init.o)
 .debug_frame   0x00002720       0x28 c:/program files (x86)/emblocks/2.30/share/em_armgcc/bin/../lib/gcc/arm-none-eabi/4.7.3/../../../../arm-none-eabi/lib/armv6-m\libc_n.a(lib_a-memcpy-stub.o)
 .debug_frame   0x00002748       0x28 c:/program files (x86)/emblocks/2.30/share/em_armgcc/bin/../lib/gcc/arm-none-eabi/4.7.3/../../../../arm-none-eabi/lib/armv6-m\libc_n.a(lib_a-memset.o)
 .debug_frame   0x00002770       0x50 c:/program files (x86)/emblocks/2.30/share/em_armgcc/bin/../lib/gcc/arm-none-eabi/4.7.3/../../../../arm-none-eabi/lib/armv6-m\libc_n.a(lib_a-printf.o)
 .debug_frame   0x000027c0       0x44 c:/program files (x86)/emblocks/2.30/share/em_armgcc/bin/../lib/gcc/arm-none-eabi/4.7.3/../../../../arm-none-eabi/lib/armv6-m\libc_n.a(lib_a-puts.o)
 .debug_frame   0x00002804       0x4c c:/program files (x86)/emblocks/2.30/share/em_armgcc/bin/../lib/gcc/arm-none-eabi/4.7.3/../../../../arm-none-eabi/lib/armv6-m\libc_n.a(lib_a-sprintf.o)
 .debug_frame   0x00002850       0x74 c:/program files (x86)/emblocks/2.30/share/em_armgcc/bin/../lib/gcc/arm-none-eabi/4.7.3/../../../../arm-none-eabi/lib/armv6-m\libc_n.a(lib_a-svfprintf.o)
 .debug_frame   0x000028c4       0xa0 c:/program files (x86)/emblocks/2.30/share/em_armgcc/bin/../lib/gcc/arm-none-eabi/4.7.3/../../../../arm-none-eabi/lib/armv6-m\libc_n.a(lib_a-vfprintf.o)
 .debug_frame   0x00002964       0x54 c:/program files (x86)/emblocks/2.30/share/em_armgcc/bin/../lib/gcc/arm-none-eabi/4.7.3/../../../../arm-none-eabi/lib/armv6-m\libc_n.a(lib_a-vfprintf_i.o)
 .debug_frame   0x000029b8       0x44 c:/program files (x86)/emblocks/2.30/share/em_armgcc/bin/../lib/gcc/arm-none-eabi/4.7.3/../../../../arm-none-eabi/lib/armv6-m\libc_n.a(lib_a-wbuf.o)
 .debug_frame   0x000029fc       0x2c c:/program files (x86)/emblocks/2.30/share/em_armgcc/bin/../lib/gcc/arm-none-eabi/4.7.3/../../../../arm-none-eabi/lib/armv6-m\libc_n.a(lib_a-wsetup.o)
 .debug_frame   0x00002a28       0x68 c:/program files (x86)/emblocks/2.30/share/em_armgcc/bin/../lib/gcc/arm-none-eabi/4.7.3/../../../../arm-none-eabi/lib/armv6-m\libc_n.a(lib_a-fflush.o)
 .debug_frame   0x00002a90      0x148 c:/program files (x86)/emblocks/2.30/share/em_armgcc/bin/../lib/gcc/arm-none-eabi/4.7.3/../../../../arm-none-eabi/lib/armv6-m\libc_n.a(lib_a-findfp.o)
 .debug_frame   0x00002bd8       0x30 c:/program files (x86)/emblocks/2.30/share/em_armgcc/bin/../lib/gcc/arm-none-eabi/4.7.3/../../../../arm-none-eabi/lib/armv6-m\libc_n.a(lib_a-makebuf.o)
 .debug_frame   0x00002c08       0x28 c:/program files (x86)/emblocks/2.30/share/em_armgcc/bin/../lib/gcc/arm-none-eabi/4.7.3/../../../../arm-none-eabi/lib/armv6-m\libc_n.a(lib_a-memchr-stub.o)
 .debug_frame   0x00002c30       0x2c c:/program files (x86)/emblocks/2.30/share/em_armgcc/bin/../lib/gcc/arm-none-eabi/4.7.3/../../../../arm-none-eabi/lib/armv6-m\libc_n.a(lib_a-memmove.o)
 .debug_frame   0x00002c5c       0x30 c:/program files (x86)/emblocks/2.30/share/em_armgcc/bin/../lib/gcc/arm-none-eabi/4.7.3/../../../../arm-none-eabi/lib/armv6-m\libc_n.a(lib_a-nano-freer.o)
 .debug_frame   0x00002c8c       0x30 c:/program files (x86)/emblocks/2.30/share/em_armgcc/bin/../lib/gcc/arm-none-eabi/4.7.3/../../../../arm-none-eabi/lib/armv6-m\libc_n.a(lib_a-nano-mallocr.o)
 .debug_frame   0x00002cbc       0x30 c:/program files (x86)/emblocks/2.30/share/em_armgcc/bin/../lib/gcc/arm-none-eabi/4.7.3/../../../../arm-none-eabi/lib/armv6-m\libc_n.a(lib_a-nano-reallocr.o)
 .debug_frame   0x00002cec       0x2c c:/program files (x86)/emblocks/2.30/share/em_armgcc/bin/../lib/gcc/arm-none-eabi/4.7.3/../../../../arm-none-eabi/lib/armv6-m\libc_n.a(lib_a-sbrkr.o)
 .debug_frame   0x00002d18       0x90 c:/program files (x86)/emblocks/2.30/share/em_armgcc/bin/../lib/gcc/arm-none-eabi/4.7.3/../../../../arm-none-eabi/lib/armv6-m\libc_n.a(lib_a-stdio.o)
 .debug_frame   0x00002da8       0x20 c:/program files (x86)/emblocks/2.30/share/em_armgcc/bin/../lib/gcc/arm-none-eabi/4.7.3/../../../../arm-none-eabi/lib/armv6-m\libc_n.a(lib_a-strlen.o)
 .debug_frame   0x00002dc8       0x2c c:/program files (x86)/emblocks/2.30/share/em_armgcc/bin/../lib/gcc/arm-none-eabi/4.7.3/../../../../arm-none-eabi/lib/armv6-m\libc_n.a(lib_a-writer.o)
 .debug_frame   0x00002df4       0x2c c:/program files (x86)/emblocks/2.30/share/em_armgcc/bin/../lib/gcc/arm-none-eabi/4.7.3/../../../../arm-none-eabi/lib/armv6-m\libc_n.a(lib_a-closer.o)
 .debug_frame   0x00002e20       0x2c c:/program files (x86)/emblocks/2.30/share/em_armgcc/bin/../lib/gcc/arm-none-eabi/4.7.3/../../../../arm-none-eabi/lib/armv6-m\libc_n.a(lib_a-fstatr.o)
 .debug_frame   0x00002e4c       0x2c c:/program files (x86)/emblocks/2.30/share/em_armgcc/bin/../lib/gcc/arm-none-eabi/4.7.3/../../../../arm-none-eabi/lib/armv6-m\libc_n.a(lib_a-isattyr.o)
 .debug_frame   0x00002e78       0x2c c:/program files (x86)/emblocks/2.30/share/em_armgcc/bin/../lib/gcc/arm-none-eabi/4.7.3/../../../../arm-none-eabi/lib/armv6-m\libc_n.a(lib_a-lseekr.o)
 .debug_frame   0x00002ea4       0x28 c:/program files (x86)/emblocks/2.30/share/em_armgcc/bin/../lib/gcc/arm-none-eabi/4.7.3/../../../../arm-none-eabi/lib/armv6-m\libc_n.a(lib_a-nano-msizer.o)
 .debug_frame   0x00002ecc       0x2c c:/program files (x86)/emblocks/2.30/share/em_armgcc/bin/../lib/gcc/arm-none-eabi/4.7.3/../../../../arm-none-eabi/lib/armv6-m\libc_n.a(lib_a-readr.o)
 .debug_frame   0x00002ef8       0x48 c:/program files (x86)/emblocks/2.30/share/em_armgcc/bin/../lib/gcc/arm-none-eabi/4.7.3/../../../../arm-none-eabi/lib/armv6-m\libc_n.a(lib_a-reent.o)
 .debug_frame   0x00002f40       0x20 c:/program files (x86)/emblocks/2.30/share/em_armgcc/bin/../lib/gcc/arm-none-eabi/4.7.3/../../../../arm-none-eabi/lib/armv6-m\libnosys.a(close.o)
 .debug_frame   0x00002f60       0x20 c:/program files (x86)/emblocks/2.30/share/em_armgcc/bin/../lib/gcc/arm-none-eabi/4.7.3/../../../../arm-none-eabi/lib/armv6-m\libnosys.a(fstat.o)
 .debug_frame   0x00002f80       0x20 c:/program files (x86)/emblocks/2.30/share/em_armgcc/bin/../lib/gcc/arm-none-eabi/4.7.3/../../../../arm-none-eabi/lib/armv6-m\libnosys.a(isatty.o)
 .debug_frame   0x00002fa0       0x20 c:/program files (x86)/emblocks/2.30/share/em_armgcc/bin/../lib/gcc/arm-none-eabi/4.7.3/../../../../arm-none-eabi/lib/armv6-m\libnosys.a(lseek.o)
 .debug_frame   0x00002fc0       0x20 c:/program files (x86)/emblocks/2.30/share/em_armgcc/bin/../lib/gcc/arm-none-eabi/4.7.3/../../../../arm-none-eabi/lib/armv6-m\libnosys.a(read.o)
 .debug_frame   0x00002fe0       0x28 c:/program files (x86)/emblocks/2.30/share/em_armgcc/bin/../lib/gcc/arm-none-eabi/4.7.3/../../../../arm-none-eabi/lib/armv6-m\libnosys.a(sbrk.o)
 .debug_frame   0x00003008       0x28 c:/program files (x86)/emblocks/2.30/share/em_armgcc/bin/../lib/gcc/arm-none-eabi/4.7.3/../../../../arm-none-eabi/lib/armv6-m\libnosys.a(_exit.o)

.stab           0x00000000       0x84
 .stab          0x00000000       0x24 c:/program files (x86)/emblocks/2.30/share/em_armgcc/bin/../lib/gcc/arm-none-eabi/4.7.3/../../../../arm-none-eabi/lib/armv6-m\libnosys.a(close.o)
 .stab          0x00000024       0x18 c:/program files (x86)/emblocks/2.30/share/em_armgcc/bin/../lib/gcc/arm-none-eabi/4.7.3/../../../../arm-none-eabi/lib/armv6-m\libnosys.a(fstat.o)
                                 0x24 (size before relaxing)
 .stab          0x0000003c       0x18 c:/program files (x86)/emblocks/2.30/share/em_armgcc/bin/../lib/gcc/arm-none-eabi/4.7.3/../../../../arm-none-eabi/lib/armv6-m\libnosys.a(isatty.o)
                                 0x24 (size before relaxing)
 .stab          0x00000054       0x18 c:/program files (x86)/emblocks/2.30/share/em_armgcc/bin/../lib/gcc/arm-none-eabi/4.7.3/../../../../arm-none-eabi/lib/armv6-m\libnosys.a(lseek.o)
                                 0x24 (size before relaxing)
 .stab          0x0000006c       0x18 c:/program files (x86)/emblocks/2.30/share/em_armgcc/bin/../lib/gcc/arm-none-eabi/4.7.3/../../../../arm-none-eabi/lib/armv6-m\libnosys.a(read.o)
                                 0x24 (size before relaxing)

.stabstr        0x00000000      0x117
 .stabstr       0x00000000      0x117 c:/program files (x86)/emblocks/2.30/share/em_armgcc/bin/../lib/gcc/arm-none-eabi/4.7.3/../../../../arm-none-eabi/lib/armv6-m\libnosys.a(close.o)